Archive member included because of file (symbol)

d:/program files/truestudio for arm 5.4.0/armtools/bin/../lib/gcc/arm-atollic-eabi/4.8.3/../../../../arm-atollic-eabi/lib/armv7e-m/fpu\libc_s.a(lib_a-init.o)
                              src\startup_stm32f40xx.o (__libc_init_array)
d:/program files/truestudio for arm 5.4.0/armtools/bin/../lib/gcc/arm-atollic-eabi/4.8.3/../../../../arm-atollic-eabi/lib/armv7e-m/fpu\libc_s.a(lib_a-qsort.o)
                              src\timer_conf.o (qsort)
d:/program files/truestudio for arm 5.4.0/armtools/bin/../lib/gcc/arm-atollic-eabi/4.8.3/../../../../arm-atollic-eabi/lib/armv7e-m/fpu\libc_s.a(lib_a-reent.o)
                              src\syscalls.o (errno)
d:/program files/truestudio for arm 5.4.0/armtools/bin/../lib/gcc/arm-atollic-eabi/4.8.3/../../../../arm-atollic-eabi/lib/armv7e-m/fpu\libc_s.a(lib_a-strcmp.o)
                              src\serial_com.o (strcmp)
d:/program files/truestudio for arm 5.4.0/armtools/bin/../lib/gcc/arm-atollic-eabi/4.8.3/../../../../arm-atollic-eabi/lib/armv7e-m/fpu\libc_s.a(lib_a-strlen.o)
                              src\tiny_printf.o (strlen)
d:/program files/truestudio for arm 5.4.0/armtools/bin/../lib/gcc/arm-atollic-eabi/4.8.3/../../../../arm-atollic-eabi/lib/armv7e-m/fpu\libc_s.a(lib_a-strncmp.o)
                              src\serial_com.o (strncmp)
d:/program files/truestudio for arm 5.4.0/armtools/bin/../lib/gcc/arm-atollic-eabi/4.8.3/../../../../arm-atollic-eabi/lib/armv7e-m/fpu\libc_s.a(lib_a-impure.o)
                              d:/program files/truestudio for arm 5.4.0/armtools/bin/../lib/gcc/arm-atollic-eabi/4.8.3/../../../../arm-atollic-eabi/lib/armv7e-m/fpu\libc_s.a(lib_a-reent.o) (_impure_ptr)
d:/program files/truestudio for arm 5.4.0/armtools/bin/../lib/gcc/arm-atollic-eabi/4.8.3/../../../../arm-atollic-eabi/lib/armv7e-m/fpu\libc_s.a(lib_a-nano-freer.o)
                              d:/program files/truestudio for arm 5.4.0/armtools/bin/../lib/gcc/arm-atollic-eabi/4.8.3/../../../../arm-atollic-eabi/lib/armv7e-m/fpu\libc_s.a(lib_a-reent.o) (_free_r)
d:/program files/truestudio for arm 5.4.0/armtools/bin/../lib/gcc/arm-atollic-eabi/4.8.3/../../../../arm-atollic-eabi/lib/armv7e-m/fpu\libc_s.a(lib_a-nano-mallocr.o)
                              d:/program files/truestudio for arm 5.4.0/armtools/bin/../lib/gcc/arm-atollic-eabi/4.8.3/../../../../arm-atollic-eabi/lib/armv7e-m/fpu\libc_s.a(lib_a-nano-freer.o) (__malloc_free_list)
d:/program files/truestudio for arm 5.4.0/armtools/bin/../lib/gcc/arm-atollic-eabi/4.8.3/../../../../arm-atollic-eabi/lib/armv7e-m/fpu\libc_s.a(lib_a-sbrkr.o)
                              d:/program files/truestudio for arm 5.4.0/armtools/bin/../lib/gcc/arm-atollic-eabi/4.8.3/../../../../arm-atollic-eabi/lib/armv7e-m/fpu\libc_s.a(lib_a-nano-mallocr.o) (_sbrk_r)
d:/program files/truestudio for arm 5.4.0/armtools/bin/../lib/gcc/arm-atollic-eabi/4.8.3/armv7e-m/fpu\libgcc.a(_arm_addsubdf3.o)
                              src\feedback.o (__aeabi_dsub)
d:/program files/truestudio for arm 5.4.0/armtools/bin/../lib/gcc/arm-atollic-eabi/4.8.3/armv7e-m/fpu\libgcc.a(_arm_muldivdf3.o)
                              src\timer_conf.o (__aeabi_dmul)
d:/program files/truestudio for arm 5.4.0/armtools/bin/../lib/gcc/arm-atollic-eabi/4.8.3/armv7e-m/fpu\libgcc.a(_arm_fixdfsi.o)
                              src\timer_conf.o (__aeabi_d2iz)
d:/program files/truestudio for arm 5.4.0/armtools/bin/../lib/gcc/arm-atollic-eabi/4.8.3/armv7e-m/fpu\libgcc.a(_arm_truncdfsf2.o)
                              src\feedback.o (__aeabi_d2f)

Allocating common symbols
Common symbol       size              file

initp               0x8               src\serial_com.o
errno               0x4               d:/program files/truestudio for arm 5.4.0/armtools/bin/../lib/gcc/arm-atollic-eabi/4.8.3/../../../../arm-atollic-eabi/lib/armv7e-m/fpu\libc_s.a(lib_a-reent.o)
sc                  0x6               src\timer_conf.o
dist                0x4               src\timer_conf.o
blocks              0xc8              src\serial_com.o
ADCConvVal          0x4               src\user_interface.o
str                 0xf               src\timer_conf.o

Discarded input sections

 .text          0x00000000        0x0 d:/program files/truestudio for arm 5.4.0/armtools/bin/../lib/gcc/arm-atollic-eabi/4.8.3/armv7e-m/fpu/crti.o
 .data          0x00000000        0x0 d:/program files/truestudio for arm 5.4.0/armtools/bin/../lib/gcc/arm-atollic-eabi/4.8.3/armv7e-m/fpu/crti.o
 .bss           0x00000000        0x0 d:/program files/truestudio for arm 5.4.0/armtools/bin/../lib/gcc/arm-atollic-eabi/4.8.3/armv7e-m/fpu/crti.o
 .data          0x00000000        0x4 d:/program files/truestudio for arm 5.4.0/armtools/bin/../lib/gcc/arm-atollic-eabi/4.8.3/armv7e-m/fpu/crtbegin.o
 .text          0x00000000        0x0 src\user_interface.o
 .data          0x00000000        0x0 src\user_interface.o
 .bss           0x00000000        0x0 src\user_interface.o
[...]
Memory Configuration

Name             Origin             Length             Attributes
FLASH            0x08000000         0x00080000         xr
RAM              0x20000000         0x00018000         xrw
MEMORY_B1        0x60000000         0x00000000         xr
CCMRAM           0x10000000         0x00010000         rw
*default*        0x00000000         0xffffffff

Linker script and memory map

LOAD d:/program files/truestudio for arm 5.4.0/armtools/bin/../lib/gcc/arm-atollic-eabi/4.8.3/armv7e-m/fpu/crti.o
LOAD d:/program files/truestudio for arm 5.4.0/armtools/bin/../lib/gcc/arm-atollic-eabi/4.8.3/armv7e-m/fpu/crtbegin.o
LOAD src\user_interface.o
LOAD src\tiny_printf.o
LOAD src\timer_conf.o
LOAD src\system_stm32f4xx.o
LOAD src\syscalls.o
LOAD src\stm32f4xx_it.o
LOAD src\startup_stm32f40xx.o
LOAD src\serial_com.o
LOAD src\power_mode.o
LOAD src\math_standard.o
LOAD src\main.o
LOAD src\feedback.o
LOAD src\controller.o
LOAD src\conf_STM32.o
LOAD src\clock_conf.o
LOAD src\analog_converter.o
LOAD Libraries\STM32F4xx_StdPeriph_Driver\src\stm32f4xx_wwdg.o
LOAD Libraries\STM32F4xx_StdPeriph_Driver\src\stm32f4xx_usart.o
LOAD Libraries\STM32F4xx_StdPeriph_Driver\src\stm32f4xx_tim.o
LOAD Libraries\STM32F4xx_StdPeriph_Driver\src\stm32f4xx_syscfg.o
LOAD Libraries\STM32F4xx_StdPeriph_Driver\src\stm32f4xx_spi.o
LOAD Libraries\STM32F4xx_StdPeriph_Driver\src\stm32f4xx_sdio.o
LOAD Libraries\STM32F4xx_StdPeriph_Driver\src\stm32f4xx_rtc.o
LOAD Libraries\STM32F4xx_StdPeriph_Driver\src\stm32f4xx_rng.o
LOAD Libraries\STM32F4xx_StdPeriph_Driver\src\stm32f4xx_rcc.o
LOAD Libraries\STM32F4xx_StdPeriph_Driver\src\stm32f4xx_pwr.o
LOAD Libraries\STM32F4xx_StdPeriph_Driver\src\stm32f4xx_iwdg.o
LOAD Libraries\STM32F4xx_StdPeriph_Driver\src\stm32f4xx_i2c.o
LOAD Libraries\STM32F4xx_StdPeriph_Driver\src\stm32f4xx_hash_sha1.o
LOAD Libraries\STM32F4xx_StdPeriph_Driver\src\stm32f4xx_hash_md5.o
LOAD Libraries\STM32F4xx_StdPeriph_Driver\src\stm32f4xx_hash.o
LOAD Libraries\STM32F4xx_StdPeriph_Driver\src\stm32f4xx_gpio.o
LOAD Libraries\STM32F4xx_StdPeriph_Driver\src\stm32f4xx_fsmc.o
LOAD Libraries\STM32F4xx_StdPeriph_Driver\src\stm32f4xx_flash.o
LOAD Libraries\STM32F4xx_StdPeriph_Driver\src\stm32f4xx_exti.o
LOAD Libraries\STM32F4xx_StdPeriph_Driver\src\stm32f4xx_dma.o
LOAD Libraries\STM32F4xx_StdPeriph_Driver\src\stm32f4xx_dcmi.o
LOAD Libraries\STM32F4xx_StdPeriph_Driver\src\stm32f4xx_dbgmcu.o
LOAD Libraries\STM32F4xx_StdPeriph_Driver\src\stm32f4xx_dac.o
LOAD Libraries\STM32F4xx_StdPeriph_Driver\src\stm32f4xx_cryp_tdes.o
LOAD Libraries\STM32F4xx_StdPeriph_Driver\src\stm32f4xx_cryp_des.o
LOAD Libraries\STM32F4xx_StdPeriph_Driver\src\stm32f4xx_cryp_aes.o
LOAD Libraries\STM32F4xx_StdPeriph_Driver\src\stm32f4xx_cryp.o
LOAD Libraries\STM32F4xx_StdPeriph_Driver\src\stm32f4xx_crc.o
LOAD Libraries\STM32F4xx_StdPeriph_Driver\src\stm32f4xx_can.o
LOAD Libraries\STM32F4xx_StdPeriph_Driver\src\stm32f4xx_adc.o
LOAD Libraries\STM32F4xx_StdPeriph_Driver\src\misc.o
START GROUP
LOAD d:/program files/truestudio for arm 5.4.0/armtools/bin/../lib/gcc/arm-atollic-eabi/4.8.3/../../../../arm-atollic-eabi/lib/armv7e-m/fpu\libc_s.a
LOAD d:/program files/truestudio for arm 5.4.0/armtools/bin/../lib/gcc/arm-atollic-eabi/4.8.3/../../../../arm-atollic-eabi/lib/armv7e-m/fpu\libm.a
END GROUP
                0x00001000                malloc_getpagesize_P = 0x1000
START GROUP
LOAD d:/program files/truestudio for arm 5.4.0/armtools/bin/../lib/gcc/arm-atollic-eabi/4.8.3/armv7e-m/fpu\libgcc.a
LOAD d:/program files/truestudio for arm 5.4.0/armtools/bin/../lib/gcc/arm-atollic-eabi/4.8.3/../../../../arm-atollic-eabi/lib/armv7e-m/fpu\libc.a
END GROUP
LOAD d:/program files/truestudio for arm 5.4.0/armtools/bin/../lib/gcc/arm-atollic-eabi/4.8.3/armv7e-m/fpu/crtend.o
LOAD d:/program files/truestudio for arm 5.4.0/armtools/bin/../lib/gcc/arm-atollic-eabi/4.8.3/armv7e-m/fpu/crtn.o
                0x20018000                _estack = 0x20018000
                0x00000000                _Min_Heap_Size = 0x0
                0x00000400                _Min_Stack_Size = 0x400

.isr_vector     0x08000000      0x188
                0x08000000                . = ALIGN (0x4)
 *(.isr_vector)
 .isr_vector    0x08000000      0x188 src\startup_stm32f40xx.o
                0x08000000                g_pfnVectors
                0x08000188                . = ALIGN (0x4)

.text           0x08000188     0x2034
                0x08000188                . = ALIGN (0x4)
 *(.text)
 .text          0x08000188       0x40 d:/program files/truestudio for arm 5.4.0/armtools/bin/../lib/gcc/arm-atollic-eabi/4.8.3/armv7e-m/fpu/crtbegin.o
 .text          0x080001c8      0x370 d:/program files/truestudio for arm 5.4.0/armtools/bin/../lib/gcc/arm-atollic-eabi/4.8.3/armv7e-m/fpu\libgcc.a(_arm_addsubdf3.o)
                0x080001c8                __aeabi_drsub
                0x080001d0                __aeabi_dsub
                0x080001d0                __subdf3
                0x080001d4                __aeabi_dadd
                0x080001d4                __adddf3
                0x0800044c                __floatunsidf
                0x0800044c                __aeabi_ui2d
                0x0800046c                __floatsidf
                0x0800046c                __aeabi_i2d
                0x08000490                __aeabi_f2d
                0x08000490                __extendsfdf2
                0x080004cc                __floatundidf
                0x080004cc                __aeabi_ul2d
                0x080004dc                __floatdidf
                0x080004dc                __aeabi_l2d
 .text          0x08000538      0x424 d:/program files/truestudio for arm 5.4.0/armtools/bin/../lib/gcc/arm-atollic-eabi/4.8.3/armv7e-m/fpu\libgcc.a(_arm_muldivdf3.o)
                0x08000538                __aeabi_dmul
                0x08000538                __muldf3
                0x0800078c                __divdf3
                0x0800078c                __aeabi_ddiv
 .text          0x0800095c       0x50 d:/program files/truestudio for arm 5.4.0/armtools/bin/../lib/gcc/arm-atollic-eabi/4.8.3/armv7e-m/fpu\libgcc.a(_arm_fixdfsi.o)
                0x0800095c                __aeabi_d2iz
                0x0800095c                __fixdfsi
 .text          0x080009ac       0xa0 d:/program files/truestudio for arm 5.4.0/armtools/bin/../lib/gcc/arm-atollic-eabi/4.8.3/armv7e-m/fpu\libgcc.a(_arm_truncdfsf2.o)
                0x080009ac                __truncdfsf2
                0x080009ac                __aeabi_d2f
 *(.text*)
 .text.EXTI9_5_IRQHandler
                0x08000a4c       0x34 src\user_interface.o
                0x08000a4c                EXTI9_5_IRQHandler
 .text.ts_itoa  0x08000a80       0x48 src\tiny_printf.o
                0x08000a80                ts_itoa
 .text.ts_formatstring
                0x08000ac8       0xd8 src\tiny_printf.o
                0x08000ac8                ts_formatstring
 .text.siprintf
                0x08000ba0       0x1c src\tiny_printf.o
                0x08000ba0                siprintf
                0x08000ba0                sprintf
 .text.compare  0x08000bbc        0x8 src\timer_conf.o
                0x08000bbc                compare
 .text.init_TIM1
                0x08000bc4      0x114 src\timer_conf.o
                0x08000bc4                init_TIM1
 .text.TIM1_CC_IRQHandler
                0x08000cd8       0x80 src\timer_conf.o
                0x08000cd8                TIM1_CC_IRQHandler
 .text.set_tim1_pulse
                0x08000d58       0x4c src\timer_conf.o
                0x08000d58                set_tim1_pulse
 .text.init_TIM2
                0x08000da4       0xc0 src\timer_conf.o
                0x08000da4                init_TIM2
 .text.spike_mitigation
                0x08000e64       0x44 src\timer_conf.o
                0x08000e64                spike_mitigation
 .text.add_measurement
                0x08000ea8       0x58 src\timer_conf.o
                0x08000ea8                add_measurement
 .text.TIM2_IRQHandler
                0x08000f00      0x208 src\timer_conf.o
                0x08000f00                TIM2_IRQHandler
 .text.SystemInit
                0x08001108      0x100 src\system_stm32f4xx.o
                0x08001108                SystemInit
 .text.NMI_Handler
                0x08001208        0x4 src\stm32f4xx_it.o
                0x08001208                NMI_Handler
 .text.HardFault_Handler
                0x0800120c        0x4 src\stm32f4xx_it.o
                0x0800120c                HardFault_Handler
 .text.MemManage_Handler
                0x08001210        0x4 src\stm32f4xx_it.o
                0x08001210                MemManage_Handler
 .text.BusFault_Handler
                0x08001214        0x4 src\stm32f4xx_it.o
                0x08001214                BusFault_Handler
 .text.UsageFault_Handler
                0x08001218        0x4 src\stm32f4xx_it.o
                0x08001218                UsageFault_Handler
 .text.SVC_Handler
                0x0800121c        0x4 src\stm32f4xx_it.o
                0x0800121c                SVC_Handler
 .text.DebugMon_Handler
                0x08001220        0x4 src\stm32f4xx_it.o
                0x08001220                DebugMon_Handler
 .text.PendSV_Handler
                0x08001224        0x4 src\stm32f4xx_it.o
                0x08001224                PendSV_Handler
 .text.SysTick_Handler
                0x08001228        0x4 src\stm32f4xx_it.o
                0x08001228                SysTick_Handler
 .text.Reset_Handler
                0x0800122c       0x58 src\startup_stm32f40xx.o
                0x0800122c                Reset_Handler
 .text.Default_Handler
                0x08001284        0x4 src\startup_stm32f40xx.o
                0x08001284                RTC_Alarm_IRQHandler
                0x08001284                HASH_RNG_IRQHandler
                0x08001284                EXTI2_IRQHandler
                0x08001284                TIM8_CC_IRQHandler
                0x08001284                DMA2_Stream5_IRQHandler
                0x08001284                DMA1_Stream5_IRQHandler
                0x08001284                PVD_IRQHandler
                0x08001284                SDIO_IRQHandler
                0x08001284                TAMP_STAMP_IRQHandler
                0x08001284                CAN2_RX1_IRQHandler
                0x08001284                EXTI3_IRQHandler
                0x08001284                TIM8_TRG_COM_TIM14_IRQHandler
                0x08001284                TIM1_UP_TIM10_IRQHandler
                0x08001284                TIM8_UP_TIM13_IRQHandler
                0x08001284                I2C3_ER_IRQHandler
                0x08001284                EXTI0_IRQHandler
                0x08001284                I2C2_EV_IRQHandler
                0x08001284                DMA1_Stream2_IRQHandler
                0x08001284                CAN1_RX0_IRQHandler
                0x08001284                FPU_IRQHandler
                0x08001284                OTG_HS_WKUP_IRQHandler
                0x08001284                CAN2_SCE_IRQHandler
                0x08001284                DMA2_Stream2_IRQHandler
                0x08001284                SPI1_IRQHandler
                0x08001284                TIM6_DAC_IRQHandler
                0x08001284                TIM1_BRK_TIM9_IRQHandler
                0x08001284                DCMI_IRQHandler
                0x08001284                CAN2_RX0_IRQHandler
                0x08001284                DMA2_Stream3_IRQHandler
                0x08001284                USART6_IRQHandler
                0x08001284                USART3_IRQHandler
                0x08001284                CRYP_IRQHandler
                0x08001284                CAN1_RX1_IRQHandler
                0x08001284                UART5_IRQHandler
                0x08001284                DMA2_Stream0_IRQHandler
                0x08001284                TIM4_IRQHandler
                0x08001284                I2C1_EV_IRQHandler
                0x08001284                DMA1_Stream6_IRQHandler
                0x08001284                DMA1_Stream1_IRQHandler
                0x08001284                UART4_IRQHandler
                0x08001284                TIM3_IRQHandler
                0x08001284                RCC_IRQHandler
                0x08001284                TIM8_BRK_TIM12_IRQHandler
                0x08001284                Default_Handler
                0x08001284                EXTI15_10_IRQHandler
                0x08001284                ADC_IRQHandler
                0x08001284                DMA1_Stream7_IRQHandler
                0x08001284                TIM7_IRQHandler
                0x08001284                CAN2_TX_IRQHandler
                0x08001284                TIM5_IRQHandler
                0x08001284                DMA2_Stream7_IRQHandler
                0x08001284                I2C3_EV_IRQHandler
                0x08001284                RTC_WKUP_IRQHandler
                0x08001284                ETH_WKUP_IRQHandler
                0x08001284                SPI2_IRQHandler
                0x08001284                OTG_HS_EP1_IN_IRQHandler
                0x08001284                DMA1_Stream0_IRQHandler
                0x08001284                CAN1_TX_IRQHandler
                0x08001284                EXTI4_IRQHandler
                0x08001284                FSMC_IRQHandler
                0x08001284                ETH_IRQHandler
                0x08001284                OTG_HS_EP1_OUT_IRQHandler
                0x08001284                WWDG_IRQHandler
                0x08001284                OTG_FS_WKUP_IRQHandler
                0x08001284                TIM1_TRG_COM_TIM11_IRQHandler
                0x08001284                OTG_HS_IRQHandler
                0x08001284                EXTI1_IRQHandler
                0x08001284                I2C2_ER_IRQHandler
                0x08001284                DMA2_Stream1_IRQHandler
                0x08001284                CAN1_SCE_IRQHandler
                0x08001284                FLASH_IRQHandler
                0x08001284                DMA2_Stream4_IRQHandler
                0x08001284                USART1_IRQHandler
                0x08001284                OTG_FS_IRQHandler
                0x08001284                SPI3_IRQHandler
                0x08001284                DMA1_Stream4_IRQHandler
                0x08001284                I2C1_ER_IRQHandler
                0x08001284                DMA2_Stream6_IRQHandler
                0x08001284                DMA1_Stream3_IRQHandler
 .text.init_USART2
                0x08001288       0xd0 src\serial_com.o
                0x08001288                init_USART2
 .text.USART2_IRQHandler
                0x08001358       0xc8 src\serial_com.o
                0x08001358                USART2_IRQHandler
 .text.serial_send_data
                0x08001420       0x94 src\serial_com.o
                0x08001420                serial_send_data
 .text.sinTab   0x080014b4       0x28 src\math_standard.o
                0x080014b4                sinTab
 .text.sys_init
                0x080014dc       0x2c src\main.o
                0x080014dc                sys_init
 .text.startup.main
                0x08001508       0x20 src\main.o
                0x08001508                main
 .text.distanceShortSensor
                0x08001528       0x50 src\feedback.o
                0x08001528                distanceShortSensor
 .text.distanceLongSensor
                0x08001578       0x50 src\feedback.o
                0x08001578                distanceLongSensor
 .text.init_clock
                0x080015c8       0x44 src\clock_conf.o
                0x080015c8                init_clock
 .text.init_ADC1_CH8
                0x0800160c      0x118 src\analog_converter.o
                0x0800160c                init_ADC1_CH8
 .text.USART_GetITStatus
                0x08001724       0x4c Libraries\STM32F4xx_StdPeriph_Driver\src\stm32f4xx_usart.o
                0x08001724                USART_GetITStatus
 .text.USART_ClearITPendingBit
                0x08001770       0x10 Libraries\STM32F4xx_StdPeriph_Driver\src\stm32f4xx_usart.o
                0x08001770                USART_ClearITPendingBit
 .text.TIM_TimeBaseInit
                0x08001780       0x9c Libraries\STM32F4xx_StdPeriph_Driver\src\stm32f4xx_tim.o
                0x08001780                TIM_TimeBaseInit
 .text.TIM_OC1Init
                0x0800181c       0x80 Libraries\STM32F4xx_StdPeriph_Driver\src\stm32f4xx_tim.o
                0x0800181c                TIM_OC1Init
 .text.TIM_OC4Init
                0x0800189c       0x6c Libraries\STM32F4xx_StdPeriph_Driver\src\stm32f4xx_tim.o
                0x0800189c                TIM_OC4Init
 .text.TIM_SetCompare1
                0x08001908        0x4 Libraries\STM32F4xx_StdPeriph_Driver\src\stm32f4xx_tim.o
                0x08001908                TIM_SetCompare1
 .text.TIM_SetCompare4
                0x0800190c        0x4 Libraries\STM32F4xx_StdPeriph_Driver\src\stm32f4xx_tim.o
                0x0800190c                TIM_SetCompare4
 .text.TIM_OC1PreloadConfig
                0x08001910       0x10 Libraries\STM32F4xx_StdPeriph_Driver\src\stm32f4xx_tim.o
                0x08001910                TIM_OC1PreloadConfig
 .text.TIM_OC4PreloadConfig
                0x08001920       0x14 Libraries\STM32F4xx_StdPeriph_Driver\src\stm32f4xx_tim.o
                0x08001920                TIM_OC4PreloadConfig
 .text.TIM_GetCapture1
                0x08001934        0x4 Libraries\STM32F4xx_StdPeriph_Driver\src\stm32f4xx_tim.o
                0x08001934                TIM_GetCapture1
 .text.TIM_CtrlPWMOutputs
                0x08001938       0x20 Libraries\STM32F4xx_StdPeriph_Driver\src\stm32f4xx_tim.o
                0x08001938                TIM_CtrlPWMOutputs
 .text.TIM_ITConfig
                0x08001958       0x14 Libraries\STM32F4xx_StdPeriph_Driver\src\stm32f4xx_tim.o
                0x08001958                TIM_ITConfig
 .text.TIM_GetITStatus
                0x0800196c       0x18 Libraries\STM32F4xx_StdPeriph_Driver\src\stm32f4xx_tim.o
                0x0800196c                TIM_GetITStatus
 .text.TIM_ClearITPendingBit
                0x08001984        0x8 Libraries\STM32F4xx_StdPeriph_Driver\src\stm32f4xx_tim.o
                0x08001984                TIM_ClearITPendingBit
 .text.RCC_AHB1PeriphClockCmd
                0x0800198c       0x18 Libraries\STM32F4xx_StdPeriph_Driver\src\stm32f4xx_rcc.o
                0x0800198c                RCC_AHB1PeriphClockCmd
 .text.RCC_APB1PeriphClockCmd
                0x080019a4       0x18 Libraries\STM32F4xx_StdPeriph_Driver\src\stm32f4xx_rcc.o
                0x080019a4                RCC_APB1PeriphClockCmd
 .text.RCC_APB2PeriphClockCmd
                0x080019bc       0x18 Libraries\STM32F4xx_StdPeriph_Driver\src\stm32f4xx_rcc.o
                0x080019bc                RCC_APB2PeriphClockCmd
 .text.GPIO_Init
                0x080019d4       0xbc Libraries\STM32F4xx_StdPeriph_Driver\src\stm32f4xx_gpio.o
                0x080019d4                GPIO_Init
 .text.GPIO_PinAFConfig
                0x08001a90       0x28 Libraries\STM32F4xx_StdPeriph_Driver\src\stm32f4xx_gpio.o
                0x08001a90                GPIO_PinAFConfig
 .text.EXTI_GetITStatus
                0x08001ab8       0x1c Libraries\STM32F4xx_StdPeriph_Driver\src\stm32f4xx_exti.o
                0x08001ab8                EXTI_GetITStatus
 .text.EXTI_ClearITPendingBit
                0x08001ad4        0xc Libraries\STM32F4xx_StdPeriph_Driver\src\stm32f4xx_exti.o
                0x08001ad4                EXTI_ClearITPendingBit
 .text.DMA_DeInit
                0x08001ae0      0x130 Libraries\STM32F4xx_StdPeriph_Driver\src\stm32f4xx_dma.o
                0x08001ae0                DMA_DeInit
 .text.DMA_Init
                0x08001c10       0x70 Libraries\STM32F4xx_StdPeriph_Driver\src\stm32f4xx_dma.o
                0x08001c10                DMA_Init
 .text.DMA_Cmd  0x08001c80       0x14 Libraries\STM32F4xx_StdPeriph_Driver\src\stm32f4xx_dma.o
                0x08001c80                DMA_Cmd
 .text.ADC_Init
                0x08001c94       0x58 Libraries\STM32F4xx_StdPeriph_Driver\src\stm32f4xx_adc.o
                0x08001c94                ADC_Init
 .text.ADC_CommonInit
                0x08001cec       0x28 Libraries\STM32F4xx_StdPeriph_Driver\src\stm32f4xx_adc.o
                0x08001cec                ADC_CommonInit
 .text.ADC_Cmd  0x08001d14       0x14 Libraries\STM32F4xx_StdPeriph_Driver\src\stm32f4xx_adc.o
                0x08001d14                ADC_Cmd
 .text.ADC_RegularChannelConfig
                0x08001d28       0x98 Libraries\STM32F4xx_StdPeriph_Driver\src\stm32f4xx_adc.o
                0x08001d28                ADC_RegularChannelConfig
 .text.ADC_SoftwareStartConv
                0x08001dc0        0xc Libraries\STM32F4xx_StdPeriph_Driver\src\stm32f4xx_adc.o
                0x08001dc0                ADC_SoftwareStartConv
 .text.ADC_DMACmd
                0x08001dcc       0x14 Libraries\STM32F4xx_StdPeriph_Driver\src\stm32f4xx_adc.o
                0x08001dcc                ADC_DMACmd
 .text.ADC_DMARequestAfterLastTransferCmd
                0x08001de0       0x14 Libraries\STM32F4xx_StdPeriph_Driver\src\stm32f4xx_adc.o
                0x08001de0                ADC_DMARequestAfterLastTransferCmd
 .text.NVIC_Init
                0x08001df4       0x78 Libraries\STM32F4xx_StdPeriph_Driver\src\misc.o
                0x08001df4                NVIC_Init
 .text.__libc_init_array
                0x08001e6c       0x4c d:/program files/truestudio for arm 5.4.0/armtools/bin/../lib/gcc/arm-atollic-eabi/4.8.3/../../../../arm-atollic-eabi/lib/armv7e-m/fpu\libc_s.a(lib_a-init.o)
                0x08001e6c                __libc_init_array
 .text.swapfunc
                0x08001eb8       0x30 d:/program files/truestudio for arm 5.4.0/armtools/bin/../lib/gcc/arm-atollic-eabi/4.8.3/../../../../arm-atollic-eabi/lib/armv7e-m/fpu\libc_s.a(lib_a-qsort.o)
 .text.med3     0x08001ee8       0x44 d:/program files/truestudio for arm 5.4.0/armtools/bin/../lib/gcc/arm-atollic-eabi/4.8.3/../../../../arm-atollic-eabi/lib/armv7e-m/fpu\libc_s.a(lib_a-qsort.o)
 .text.qsort    0x08001f2c      0x278 d:/program files/truestudio for arm 5.4.0/armtools/bin/../lib/gcc/arm-atollic-eabi/4.8.3/../../../../arm-atollic-eabi/lib/armv7e-m/fpu\libc_s.a(lib_a-qsort.o)
                0x08001f2c                qsort
 *(.glue_7)
 .glue_7        0x00000000        0x0 linker stubs
 *(.glue_7t)
 .glue_7t       0x00000000        0x0 linker stubs
 *(.eh_frame)
 .eh_frame      0x080021a4        0x0 d:/program files/truestudio for arm 5.4.0/armtools/bin/../lib/gcc/arm-atollic-eabi/4.8.3/armv7e-m/fpu/crtbegin.o
 *(.init)
 .init          0x080021a4        0x4 d:/program files/truestudio for arm 5.4.0/armtools/bin/../lib/gcc/arm-atollic-eabi/4.8.3/armv7e-m/fpu/crti.o
                0x080021a4                _init
 .init          0x080021a8        0x8 d:/program files/truestudio for arm 5.4.0/armtools/bin/../lib/gcc/arm-atollic-eabi/4.8.3/armv7e-m/fpu/crtn.o
 *(.fini)
 .fini          0x080021b0        0x4 d:/program files/truestudio for arm 5.4.0/armtools/bin/../lib/gcc/arm-atollic-eabi/4.8.3/armv7e-m/fpu/crti.o
                0x080021b0                _fini
 .fini          0x080021b4        0x8 d:/program files/truestudio for arm 5.4.0/armtools/bin/../lib/gcc/arm-atollic-eabi/4.8.3/armv7e-m/fpu/crtn.o
                0x080021bc                . = ALIGN (0x4)
                0x080021bc                _etext = .

.vfp11_veneer   0x080021bc        0x0
 .vfp11_veneer  0x00000000        0x0 linker stubs

.v4_bx          0x080021bc        0x0
 .v4_bx         0x00000000        0x0 linker stubs

.iplt           0x080021bc        0x0
 .iplt          0x00000000        0x0 d:/program files/truestudio for arm 5.4.0/armtools/bin/../lib/gcc/arm-atollic-eabi/4.8.3/armv7e-m/fpu/crtbegin.o

.rodata         0x080021bc      0x124
                0x080021bc                . = ALIGN (0x4)
 *(.rodata)
 *(.rodata*)
 .rodata.str1.4
                0x080021bc       0x15 src\timer_conf.o
                                 0x18 (size before relaxing)
 *fill*         0x080021d1        0x3 
 .rodata.lookup.4062
                0x080021d4       0xfc src\math_standard.o
 .rodata.str1.4
                0x080022d0       0x10 src\main.o
                0x080022e0                . = ALIGN (0x4)

.rel.dyn        0x080022e0        0x0
 .rel.iplt      0x00000000        0x0 d:/program files/truestudio for arm 5.4.0/armtools/bin/../lib/gcc/arm-atollic-eabi/4.8.3/armv7e-m/fpu/crtbegin.o

.ARM.extab
 *(.ARM.extab* .gnu.linkonce.armextab.*)

.ARM            0x080022e0        0x0
                0x080022e0                __exidx_start = .
 *(.ARM.exidx*)
                0x080022e0                __exidx_end = .

.preinit_array  0x080022e0        0x0
                0x080022e0                PROVIDE (__preinit_array_start, .)
 *(.preinit_array*)
                0x080022e0                PROVIDE (__preinit_array_end, .)

.init_array     0x080022e0        0x4
                0x080022e0                PROVIDE (__init_array_start, .)
 *(SORT(.init_array.*))
 *(.init_array*)
 .init_array    0x080022e0        0x4 d:/program files/truestudio for arm 5.4.0/armtools/bin/../lib/gcc/arm-atollic-eabi/4.8.3/armv7e-m/fpu/crtbegin.o
                0x080022e4                PROVIDE (__init_array_end, .)

.fini_array     0x080022e4        0x4
                0x080022e4                PROVIDE (__fini_array_start, .)
 *(SORT(.fini_array.*))
 *(.fini_array*)
 .fini_array    0x080022e4        0x4 d:/program files/truestudio for arm 5.4.0/armtools/bin/../lib/gcc/arm-atollic-eabi/4.8.3/armv7e-m/fpu/crtbegin.o
                0x080022e8                PROVIDE (__fini_array_end, .)
                0x080022e8                _sidata = LOADADDR (.data)

.data           0x20000000       0x14 load address 0x080022e8
                0x20000000                . = ALIGN (0x4)
                0x20000000                _sdata = .
 *(.data)
 *(.data*)
 .data.tim1_period
                0x20000000        0x2 src\timer_conf.o
                0x20000000                tim1_period
 *fill*         0x20000002        0x2 
 .data.distBufferLen
                0x20000004        0x4 src\timer_conf.o
                0x20000004                distBufferLen
 .data.tim1_pulse
                0x20000008        0x2 src\timer_conf.o
                0x20000008                tim1_pulse
 .data.tim2_pulse
                0x2000000a        0x2 src\timer_conf.o
                0x2000000a                tim2_pulse
 .data.tim2_it_per_sec
                0x2000000c        0x2 src\timer_conf.o
                0x2000000c                tim2_it_per_sec
 *fill*         0x2000000e        0x2 
 .data.freeQ    0x20000010        0x4 src\serial_com.o
                0x20000010                freeQ
                0x20000014                . = ALIGN (0x4)
                0x20000014                _edata = .
                0x080022fc                _siccmram = LOADADDR (.ccmram)

.igot.plt       0x20000014        0x0 load address 0x080022fc
 .igot.plt      0x00000000        0x0 d:/program files/truestudio for arm 5.4.0/armtools/bin/../lib/gcc/arm-atollic-eabi/4.8.3/armv7e-m/fpu/crtbegin.o

.ccmram         0x10000000        0x0 load address 0x080022fc
                0x10000000                . = ALIGN (0x4)
                0x10000000                _sccmram = .
 *(.ccmram)
 *(.ccmram*)
                0x10000000                . = ALIGN (0x4)
                0x10000000                _eccmram = .
                0x10000000                . = ALIGN (0x4)

.bss            0x20000014      0x15c
                0x20000014                _sbss = .
                0x20000014                __bss_start__ = _sbss
 *(.bss)
 .bss           0x20000014       0x1c d:/program files/truestudio for arm 5.4.0/armtools/bin/../lib/gcc/arm-atollic-eabi/4.8.3/armv7e-m/fpu/crtbegin.o
 *(.bss*)
 .bss.bToggleState
                0x20000030        0x1 src\user_interface.o
                0x20000030                bToggleState
 *fill*         0x20000031        0x1 
 .bss.i         0x20000032        0x2 src\timer_conf.o
                0x20000032                i
 .bss.noSignalPing
                0x20000034        0x1 src\timer_conf.o
                0x20000034                noSignalPing
 *fill*         0x20000035        0x1 
 .bss.modulation
                0x20000036        0x2 src\timer_conf.o
                0x20000036                modulation
 .bss.current_count
                0x20000038        0x2 src\timer_conf.o
                0x20000038                current_count
 *fill*         0x2000003a        0x2 
 .bss.distBuffer
                0x2000003c       0x14 src\timer_conf.o
                0x2000003c                distBuffer
 .bss.filterDist
                0x20000050        0x4 src\timer_conf.o
                0x20000050                filterDist
 .bss.DCGain    0x20000054        0x2 src\timer_conf.o
                0x20000054                DCGain
 *fill*         0x20000056        0x2 
 .bss.samples   0x20000058       0x14 src\timer_conf.o
                0x20000058                samples
 .bss.TxQ       0x2000006c        0x4 src\serial_com.o
                0x2000006c                TxQ
 .bss.initialized
                0x20000070        0x4 src\serial_com.o
                0x20000070                initialized
 .bss.RxQ_ready
                0x20000074        0x4 src\serial_com.o
                0x20000074                RxQ_ready
 .bss.RxQ       0x20000078        0x4 src\serial_com.o
                0x20000078                RxQ
 .bss.RxQ_flush
                0x2000007c        0x4 src\serial_com.o
                0x2000007c                RxQ_flush
 *(COMMON)
 COMMON         0x20000080        0x4 src\user_interface.o
                0x20000080                ADCConvVal
 COMMON         0x20000084       0x1b src\timer_conf.o
                0x20000084                sc
                0x2000008c                dist
                0x20000090                str
 *fill*         0x2000009f        0x1 
 COMMON         0x200000a0       0xd0 src\serial_com.o
                0x200000a0                initp
                0x200000a8                blocks
                0x20000170                . = ALIGN (0x4)
                0x20000170                _ebss = .
                0x20000170                __bss_end__ = _ebss

._user_heap_stack
                0x20000170      0x400
                0x20000170                . = ALIGN (0x4)
                0x20000170                PROVIDE (end, .)
                0x20000170                PROVIDE (_end, .)
                0x20000170                . = (. + _Min_Heap_Size)
                0x20000570                . = (. + _Min_Stack_Size)
 *fill*         0x20000170      0x400 
                0x20000570                . = ALIGN (0x4)

.memory_b1_text
 *(.mb1text)
 *(.mb1text*)
 *(.mb1rodata)
 *(.mb1rodata*)

/DISCARD/
 libc.a(*)
 libm.a(*)
 libgcc.a(*)

.ARM.attributes
                0x00000000       0x30
 *(.ARM.attributes)
 .ARM.attributes
                0x00000000       0x22 d:/program files/truestudio for arm 5.4.0/armtools/bin/../lib/gcc/arm-atollic-eabi/4.8.3/armv7e-m/fpu/crti.o
 .ARM.attributes
                0x00000022       0x34 d:/program files/truestudio for arm 5.4.0/armtools/bin/../lib/gcc/arm-atollic-eabi/4.8.3/armv7e-m/fpu/crtbegin.o
 .ARM.attributes
                0x00000056       0x39 src\user_interface.o
 .ARM.attributes
                0x0000008f       0x39 src\tiny_printf.o
 .ARM.attributes
                0x000000c8       0x39 src\timer_conf.o
 .ARM.attributes
                0x00000101       0x39 src\system_stm32f4xx.o
 .ARM.attributes
                0x0000013a       0x39 src\stm32f4xx_it.o
 .ARM.attributes
                0x00000173       0x21 src\startup_stm32f40xx.o
 .ARM.attributes
                0x00000194       0x39 src\serial_com.o
 .ARM.attributes
                0x000001cd       0x39 src\math_standard.o
 .ARM.attributes
                0x00000206       0x39 src\main.o
 .ARM.attributes
                0x0000023f       0x39 src\feedback.o
 .ARM.attributes
                0x00000278       0x39 src\clock_conf.o
 .ARM.attributes
                0x000002b1       0x39 src\analog_converter.o
 .ARM.attributes
                0x000002ea       0x39 Libraries\STM32F4xx_StdPeriph_Driver\src\stm32f4xx_usart.o
 .ARM.attributes
                0x00000323       0x39 Libraries\STM32F4xx_StdPeriph_Driver\src\stm32f4xx_tim.o
 .ARM.attributes
                0x0000035c       0x39 Libraries\STM32F4xx_StdPeriph_Driver\src\stm32f4xx_rcc.o
 .ARM.attributes
                0x00000395       0x39 Libraries\STM32F4xx_StdPeriph_Driver\src\stm32f4xx_gpio.o
 .ARM.attributes
                0x000003ce       0x39 Libraries\STM32F4xx_StdPeriph_Driver\src\stm32f4xx_exti.o
 .ARM.attributes
                0x00000407       0x39 Libraries\STM32F4xx_StdPeriph_Driver\src\stm32f4xx_dma.o
 .ARM.attributes
                0x00000440       0x39 Libraries\STM32F4xx_StdPeriph_Driver\src\stm32f4xx_adc.o
 .ARM.attributes
                0x00000479       0x39 Libraries\STM32F4xx_StdPeriph_Driver\src\misc.o
 .ARM.attributes
                0x000004b2       0x34 d:/program files/truestudio for arm 5.4.0/armtools/bin/../lib/gcc/arm-atollic-eabi/4.8.3/../../../../arm-atollic-eabi/lib/armv7e-m/fpu\libc_s.a(lib_a-init.o)
 .ARM.attributes
                0x000004e6       0x34 d:/program files/truestudio for arm 5.4.0/armtools/bin/../lib/gcc/arm-atollic-eabi/4.8.3/../../../../arm-atollic-eabi/lib/armv7e-m/fpu\libc_s.a(lib_a-qsort.o)
 .ARM.attributes
                0x0000051a       0x22 d:/program files/truestudio for arm 5.4.0/armtools/bin/../lib/gcc/arm-atollic-eabi/4.8.3/armv7e-m/fpu\libgcc.a(_arm_addsubdf3.o)
 .ARM.attributes
                0x0000053c       0x22 d:/program files/truestudio for arm 5.4.0/armtools/bin/../lib/gcc/arm-atollic-eabi/4.8.3/armv7e-m/fpu\libgcc.a(_arm_muldivdf3.o)
 .ARM.attributes
                0x0000055e       0x22 d:/program files/truestudio for arm 5.4.0/armtools/bin/../lib/gcc/arm-atollic-eabi/4.8.3/armv7e-m/fpu\libgcc.a(_arm_fixdfsi.o)
 .ARM.attributes
                0x00000580       0x22 d:/program files/truestudio for arm 5.4.0/armtools/bin/../lib/gcc/arm-atollic-eabi/4.8.3/armv7e-m/fpu\libgcc.a(_arm_truncdfsf2.o)
 .ARM.attributes
                0x000005a2       0x22 d:/program files/truestudio for arm 5.4.0/armtools/bin/../lib/gcc/arm-atollic-eabi/4.8.3/armv7e-m/fpu/crtn.o
OUTPUT(lab3.elf elf32-littlearm)

.debug_info     0x00000000     0xb6ea
 .debug_info    0x00000000      0x7ec src\user_interface.o
 .debug_info    0x000007ec      0xdbf src\tiny_printf.o
 .debug_info    0x000015ab     0x1356 src\timer_conf.o
 .debug_info    0x00002901      0x5c4 src\system_stm32f4xx.o
 .debug_info    0x00002ec5      0x133 src\stm32f4xx_it.o
 .debug_info    0x00002ff8       0x81 src\startup_stm32f40xx.o
 .debug_info    0x00003079     0x11c0 src\serial_com.o
 .debug_info    0x00004239       0x8a src\math_standard.o
 .debug_info    0x000042c3      0x3c5 src\main.o
 .debug_info    0x00004688       0xa0 src\feedback.o
 .debug_info    0x00004728      0x4f4 src\clock_conf.o
 .debug_info    0x00004c1c      0x8e6 src\analog_converter.o
 .debug_info    0x00005502      0xbaf Libraries\STM32F4xx_StdPeriph_Driver\src\stm32f4xx_usart.o
 .debug_info    0x000060b1     0x24d7 Libraries\STM32F4xx_StdPeriph_Driver\src\stm32f4xx_tim.o
 .debug_info    0x00008588      0xd27 Libraries\STM32F4xx_StdPeriph_Driver\src\stm32f4xx_rcc.o
 .debug_info    0x000092af      0x7dd Libraries\STM32F4xx_StdPeriph_Driver\src\stm32f4xx_gpio.o
 .debug_info    0x00009a8c      0x350 Libraries\STM32F4xx_StdPeriph_Driver\src\stm32f4xx_exti.o
 .debug_info    0x00009ddc      0x73f Libraries\STM32F4xx_StdPeriph_Driver\src\stm32f4xx_dma.o
 .debug_info    0x0000a51b      0xc88 Libraries\STM32F4xx_StdPeriph_Driver\src\stm32f4xx_adc.o
 .debug_info    0x0000b1a3      0x547 Libraries\STM32F4xx_StdPeriph_Driver\src\misc.o

.debug_abbrev   0x00000000     0x2307
 .debug_abbrev  0x00000000      0x1df src\user_interface.o
 .debug_abbrev  0x000001df      0x2d7 src\tiny_printf.o
 .debug_abbrev  0x000004b6      0x3e8 src\timer_conf.o
 .debug_abbrev  0x0000089e      0x15f src\system_stm32f4xx.o
 .debug_abbrev  0x000009fd       0x67 src\stm32f4xx_it.o
 .debug_abbrev  0x00000a64       0x12 src\startup_stm32f40xx.o
 .debug_abbrev  0x00000a76      0x3cf src\serial_com.o
 .debug_abbrev  0x00000e45       0x7d src\math_standard.o
 .debug_abbrev  0x00000ec2      0x19c src\main.o
 .debug_abbrev  0x0000105e       0x73 src\feedback.o
 .debug_abbrev  0x000010d1      0x178 src\clock_conf.o
 .debug_abbrev  0x00001249      0x16a src\analog_converter.o
 .debug_abbrev  0x000013b3      0x1ed Libraries\STM32F4xx_StdPeriph_Driver\src\stm32f4xx_usart.o
 .debug_abbrev  0x000015a0      0x291 Libraries\STM32F4xx_StdPeriph_Driver\src\stm32f4xx_tim.o
 .debug_abbrev  0x00001831      0x280 Libraries\STM32F4xx_StdPeriph_Driver\src\stm32f4xx_rcc.o
 .debug_abbrev  0x00001ab1      0x1f8 Libraries\STM32F4xx_StdPeriph_Driver\src\stm32f4xx_gpio.o
 .debug_abbrev  0x00001ca9      0x1c5 Libraries\STM32F4xx_StdPeriph_Driver\src\stm32f4xx_exti.o
 .debug_abbrev  0x00001e6e      0x175 Libraries\STM32F4xx_StdPeriph_Driver\src\stm32f4xx_dma.o
 .debug_abbrev  0x00001fe3      0x1ce Libraries\STM32F4xx_StdPeriph_Driver\src\stm32f4xx_adc.o
 .debug_abbrev  0x000021b1      0x156 Libraries\STM32F4xx_StdPeriph_Driver\src\misc.o

.debug_aranges  0x00000000      0xb38
 .debug_aranges
                0x00000000       0x28 src\user_interface.o
 .debug_aranges
                0x00000028       0x60 src\tiny_printf.o
 .debug_aranges
                0x00000088       0x88 src\timer_conf.o
 .debug_aranges
                0x00000110       0x28 src\system_stm32f4xx.o
 .debug_aranges
                0x00000138       0x60 src\stm32f4xx_it.o
 .debug_aranges
                0x00000198       0x28 src\startup_stm32f40xx.o
 .debug_aranges
                0x000001c0       0x48 src\serial_com.o
 .debug_aranges
                0x00000208       0x20 src\math_standard.o
 .debug_aranges
                0x00000228       0x28 src\main.o
 .debug_aranges
                0x00000250       0x28 src\feedback.o
 .debug_aranges
                0x00000278       0x30 src\clock_conf.o
 .debug_aranges
                0x000002a8       0x20 src\analog_converter.o
 .debug_aranges
                0x000002c8      0x100 Libraries\STM32F4xx_StdPeriph_Driver\src\stm32f4xx_usart.o
 .debug_aranges
                0x000003c8      0x2d8 Libraries\STM32F4xx_StdPeriph_Driver\src\stm32f4xx_tim.o
 .debug_aranges
                0x000006a0      0x180 Libraries\STM32F4xx_StdPeriph_Driver\src\stm32f4xx_rcc.o
 .debug_aranges
                0x00000820       0x88 Libraries\STM32F4xx_StdPeriph_Driver\src\stm32f4xx_gpio.o
 .debug_aranges
                0x000008a8       0x58 Libraries\STM32F4xx_StdPeriph_Driver\src\stm32f4xx_exti.o
 .debug_aranges
                0x00000900       0xb0 Libraries\STM32F4xx_StdPeriph_Driver\src\stm32f4xx_dma.o
 .debug_aranges
                0x000009b0      0x148 Libraries\STM32F4xx_StdPeriph_Driver\src\stm32f4xx_adc.o
 .debug_aranges
                0x00000af8       0x40 Libraries\STM32F4xx_StdPeriph_Driver\src\misc.o

.debug_ranges   0x00000000      0xd58
 .debug_ranges  0x00000000       0x18 src\user_interface.o
 .debug_ranges  0x00000018       0x68 src\tiny_printf.o
 .debug_ranges  0x00000080       0xf0 src\timer_conf.o
 .debug_ranges  0x00000170       0x30 src\system_stm32f4xx.o
 .debug_ranges  0x000001a0       0x50 src\stm32f4xx_it.o
 .debug_ranges  0x000001f0       0x20 src\startup_stm32f40xx.o
 .debug_ranges  0x00000210      0x250 src\serial_com.o
 .debug_ranges  0x00000460       0x10 src\math_standard.o
 .debug_ranges  0x00000470       0x18 src\main.o
 .debug_ranges  0x00000488       0x18 src\feedback.o
 .debug_ranges  0x000004a0       0x20 src\clock_conf.o
 .debug_ranges  0x000004c0       0x10 src\analog_converter.o
 .debug_ranges  0x000004d0       0xf0 Libraries\STM32F4xx_StdPeriph_Driver\src\stm32f4xx_usart.o
 .debug_ranges  0x000005c0      0x348 Libraries\STM32F4xx_StdPeriph_Driver\src\stm32f4xx_tim.o
 .debug_ranges  0x00000908      0x188 Libraries\STM32F4xx_StdPeriph_Driver\src\stm32f4xx_rcc.o
 .debug_ranges  0x00000a90       0x78 Libraries\STM32F4xx_StdPeriph_Driver\src\stm32f4xx_gpio.o
 .debug_ranges  0x00000b08       0x48 Libraries\STM32F4xx_StdPeriph_Driver\src\stm32f4xx_exti.o
 .debug_ranges  0x00000b50       0xa0 Libraries\STM32F4xx_StdPeriph_Driver\src\stm32f4xx_dma.o
 .debug_ranges  0x00000bf0      0x138 Libraries\STM32F4xx_StdPeriph_Driver\src\stm32f4xx_adc.o
 .debug_ranges  0x00000d28       0x30 Libraries\STM32F4xx_StdPeriph_Driver\src\misc.o

.debug_line     0x00000000     0x4242
 .debug_line    0x00000000      0x251 src\user_interface.o
 .debug_line    0x00000251      0x2f1 src\tiny_printf.o
 .debug_line    0x00000542      0x4f5 src\timer_conf.o
 .debug_line    0x00000a37      0x1d5 src\system_stm32f4xx.o
 .debug_line    0x00000c0c      0x1ad src\stm32f4xx_it.o
 .debug_line    0x00000db9       0x7a src\startup_stm32f40xx.o
 .debug_line    0x00000e33      0x4a9 src\serial_com.o
 .debug_line    0x000012dc       0x4a src\math_standard.o
 .debug_line    0x00001326      0x201 src\main.o
 .debug_line    0x00001527       0x56 src\feedback.o
 .debug_line    0x0000157d      0x1f8 src\clock_conf.o
 .debug_line    0x00001775      0x251 src\analog_converter.o
 .debug_line    0x000019c6      0x4ee Libraries\STM32F4xx_StdPeriph_Driver\src\stm32f4xx_usart.o
 .debug_line    0x00001eb4      0xc49 Libraries\STM32F4xx_StdPeriph_Driver\src\stm32f4xx_tim.o
 .debug_line    0x00002afd      0x591 Libraries\STM32F4xx_StdPeriph_Driver\src\stm32f4xx_rcc.o
 .debug_line    0x0000308e      0x365 Libraries\STM32F4xx_StdPeriph_Driver\src\stm32f4xx_gpio.o
 .debug_line    0x000033f3      0x291 Libraries\STM32F4xx_StdPeriph_Driver\src\stm32f4xx_exti.o
 .debug_line    0x00003684      0x422 Libraries\STM32F4xx_StdPeriph_Driver\src\stm32f4xx_dma.o
 .debug_line    0x00003aa6      0x575 Libraries\STM32F4xx_StdPeriph_Driver\src\stm32f4xx_adc.o
 .debug_line    0x0000401b      0x227 Libraries\STM32F4xx_StdPeriph_Driver\src\misc.o

.debug_str      0x00000000     0x37d1
 .debug_str     0x00000000      0xa7e src\user_interface.o
                                0xaed (size before relaxing)
 .debug_str     0x00000a7e      0x442 src\tiny_printf.o
                                0x613 (size before relaxing)
 .debug_str     0x00000ec0      0x4de src\timer_conf.o
                                0xe80 (size before relaxing)
 .debug_str     0x0000139e      0x1bf src\system_stm32f4xx.o
                                0x404 (size before relaxing)
 .debug_str     0x0000155d       0xa6 src\stm32f4xx_it.o
                                0x24d (size before relaxing)
 .debug_str     0x00001603      0x14c src\serial_com.o
                                0xb68 (size before relaxing)
 .debug_str     0x0000174f       0x24 src\math_standard.o
                                0x135 (size before relaxing)
 .debug_str     0x00001773       0x56 src\main.o
                                0x362 (size before relaxing)
 .debug_str     0x000017c9       0x22 src\feedback.o
                                0x151 (size before relaxing)
 .debug_str     0x000017eb       0x2e src\clock_conf.o
                                0x4ee (size before relaxing)
 .debug_str     0x00001819      0x355 src\analog_converter.o
                                0x743 (size before relaxing)
 .debug_str     0x00001b6e      0x499 Libraries\STM32F4xx_StdPeriph_Driver\src\stm32f4xx_usart.o
                                0x741 (size before relaxing)
 .debug_str     0x00002007      0x928 Libraries\STM32F4xx_StdPeriph_Driver\src\stm32f4xx_tim.o
                                0xe70 (size before relaxing)
 .debug_str     0x0000292f      0x4ae Libraries\STM32F4xx_StdPeriph_Driver\src\stm32f4xx_rcc.o
                                0x8eb (size before relaxing)
 .debug_str     0x00002ddd      0x16b Libraries\STM32F4xx_StdPeriph_Driver\src\stm32f4xx_gpio.o
                                0x53c (size before relaxing)
 .debug_str     0x00002f48       0xbe Libraries\STM32F4xx_StdPeriph_Driver\src\stm32f4xx_exti.o
                                0x3cb (size before relaxing)
 .debug_str     0x00003006      0x238 Libraries\STM32F4xx_StdPeriph_Driver\src\stm32f4xx_dma.o
                                0x5b4 (size before relaxing)
 .debug_str     0x0000323e      0x460 Libraries\STM32F4xx_StdPeriph_Driver\src\stm32f4xx_adc.o
                                0x88d (size before relaxing)
 .debug_str     0x0000369e      0x133 Libraries\STM32F4xx_StdPeriph_Driver\src\misc.o
                                0x440 (size before relaxing)

.comment        0x00000000       0x82
 .comment       0x00000000       0x82 src\user_interface.o
                                 0x83 (size before relaxing)
 .comment       0x00000000       0x83 src\tiny_printf.o
 .comment       0x00000000       0x83 src\timer_conf.o
 .comment       0x00000000       0x83 src\system_stm32f4xx.o
 .comment       0x00000000       0x83 src\stm32f4xx_it.o
 .comment       0x00000000       0x83 src\serial_com.o
 .comment       0x00000000       0x83 src\math_standard.o
 .comment       0x00000000       0x83 src\main.o
 .comment       0x00000000       0x83 src\feedback.o
 .comment       0x00000000       0x83 src\clock_conf.o
 .comment       0x00000000       0x83 src\analog_converter.o
 .comment       0x00000000       0x83 Libraries\STM32F4xx_StdPeriph_Driver\src\stm32f4xx_usart.o
 .comment       0x00000000       0x83 Libraries\STM32F4xx_StdPeriph_Driver\src\stm32f4xx_tim.o
 .comment       0x00000000       0x83 Libraries\STM32F4xx_StdPeriph_Driver\src\stm32f4xx_rcc.o
 .comment       0x00000000       0x83 Libraries\STM32F4xx_StdPeriph_Driver\src\stm32f4xx_gpio.o
 .comment       0x00000000       0x83 Libraries\STM32F4xx_StdPeriph_Driver\src\stm32f4xx_exti.o
 .comment       0x00000000       0x83 Libraries\STM32F4xx_StdPeriph_Driver\src\stm32f4xx_dma.o
 .comment       0x00000000       0x83 Libraries\STM32F4xx_StdPeriph_Driver\src\stm32f4xx_adc.o
 .comment       0x00000000       0x83 Libraries\STM32F4xx_StdPeriph_Driver\src\misc.o

.debug_frame    0x00000000     0x17c0
 .debug_frame   0x00000000       0x48 src\user_interface.o
 .debug_frame   0x00000048      0x134 src\tiny_printf.o
 .debug_frame   0x0000017c      0x15c src\timer_conf.o
 .debug_frame   0x000002d8       0x34 src\system_stm32f4xx.o
 .debug_frame   0x0000030c       0xa0 src\stm32f4xx_it.o
 .debug_frame   0x000003ac       0xb0 src\serial_com.o
 .debug_frame   0x0000045c       0x20 src\math_standard.o
 .debug_frame   0x0000047c       0x40 src\main.o
 .debug_frame   0x000004bc       0x40 src\feedback.o
 .debug_frame   0x000004fc       0x4c src\clock_conf.o
 .debug_frame   0x00000548       0x3c src\analog_converter.o
 .debug_frame   0x00000584      0x210 Libraries\STM32F4xx_StdPeriph_Driver\src\stm32f4xx_usart.o
 .debug_frame   0x00000794      0x63c Libraries\STM32F4xx_StdPeriph_Driver\src\stm32f4xx_tim.o
 .debug_frame   0x00000dd0      0x2fc Libraries\STM32F4xx_StdPeriph_Driver\src\stm32f4xx_rcc.o
 .debug_frame   0x000010cc      0x118 Libraries\STM32F4xx_StdPeriph_Driver\src\stm32f4xx_gpio.o
 .debug_frame   0x000011e4       0x9c Libraries\STM32F4xx_StdPeriph_Driver\src\stm32f4xx_exti.o
 .debug_frame   0x00001280      0x180 Libraries\STM32F4xx_StdPeriph_Driver\src\stm32f4xx_dma.o
 .debug_frame   0x00001400      0x2b4 Libraries\STM32F4xx_StdPeriph_Driver\src\stm32f4xx_adc.o
 .debug_frame   0x000016b4       0x6c Libraries\STM32F4xx_StdPeriph_Driver\src\misc.o
 .debug_frame   0x00001720       0x2c d:/program files/truestudio for arm 5.4.0/armtools/bin/../lib/gcc/arm-atollic-eabi/4.8.3/../../../../arm-atollic-eabi/lib/armv7e-m/fpu\libc_s.a(lib_a-init.o)
 .debug_frame   0x0000174c       0x74 d:/program files/truestudio for arm 5.4.0/armtools/bin/../lib/gcc/arm-atollic-eabi/4.8.3/../../../../arm-atollic-eabi/lib/armv7e-m/fpu\libc_s.a(lib_a-qsort.o)

.debug_loc      0x00000000     0x5ec4
 .debug_loc     0x00000000      0x75d src\tiny_printf.o
 .debug_loc     0x0000075d      0x270 src\timer_conf.o
 .debug_loc     0x000009cd      0x144 src\system_stm32f4xx.o
 .debug_loc     0x00000b11      0x96c src\serial_com.o
 .debug_loc     0x0000147d       0x21 src\math_standard.o
 .debug_loc     0x0000149e      0x134 src\feedback.o
 .debug_loc     0x000015d2      0x797 Libraries\STM32F4xx_StdPeriph_Driver\src\stm32f4xx_usart.o
 .debug_loc     0x00001d69     0x2081 Libraries\STM32F4xx_StdPeriph_Driver\src\stm32f4xx_tim.o
 .debug_loc     0x00003dea      0xb63 Libraries\STM32F4xx_StdPeriph_Driver\src\stm32f4xx_rcc.o
 .debug_loc     0x0000494d      0x386 Libraries\STM32F4xx_StdPeriph_Driver\src\stm32f4xx_gpio.o
 .debug_loc     0x00004cd3      0x22c Libraries\STM32F4xx_StdPeriph_Driver\src\stm32f4xx_exti.o
 .debug_loc     0x00004eff      0x4b6 Libraries\STM32F4xx_StdPeriph_Driver\src\stm32f4xx_dma.o
 .debug_loc     0x000053b5      0x9b2 Libraries\STM32F4xx_StdPeriph_Driver\src\stm32f4xx_adc.o
 .debug_loc     0x00005d67      0x15d Libraries\STM32F4xx_StdPeriph_Driver\src\misc.o

Cross Reference Table

Symbol                                            File
ADCConvVal                                        src\analog_converter.o
                                                  src\main.o
                                                  src\serial_com.o
                                                  src\timer_conf.o
                                                  src\user_interface.o
ADC_AnalogWatchdogCmd                             Libraries\STM32F4xx_StdPeriph_Driver\src\stm32f4xx_adc.o
ADC_AnalogWatchdogSingleChannelConfig             Libraries\STM32F4xx_StdPeriph_Driver\src\stm32f4xx_adc.o
ADC_AnalogWatchdogThresholdsConfig                Libraries\STM32F4xx_StdPeriph_Driver\src\stm32f4xx_adc.o
ADC_AutoInjectedConvCmd                           Libraries\STM32F4xx_StdPeriph_Driver\src\stm32f4xx_adc.o
ADC_ClearFlag                                     Libraries\STM32F4xx_StdPeriph_Driver\src\stm32f4xx_adc.o
ADC_ClearITPendingBit                             Libraries\STM32F4xx_StdPeriph_Driver\src\stm32f4xx_adc.o
ADC_Cmd                                           Libraries\STM32F4xx_StdPeriph_Driver\src\stm32f4xx_adc.o
                                                  src\analog_converter.o
ADC_CommonInit                                    Libraries\STM32F4xx_StdPeriph_Driver\src\stm32f4xx_adc.o
                                                  src\analog_converter.o
ADC_CommonStructInit                              Libraries\STM32F4xx_StdPeriph_Driver\src\stm32f4xx_adc.o
ADC_ContinuousModeCmd                             Libraries\STM32F4xx_StdPeriph_Driver\src\stm32f4xx_adc.o
ADC_DMACmd                                        Libraries\STM32F4xx_StdPeriph_Driver\src\stm32f4xx_adc.o
                                                  src\analog_converter.o
ADC_DMARequestAfterLastTransferCmd                Libraries\STM32F4xx_StdPeriph_Driver\src\stm32f4xx_adc.o
                                                  src\analog_converter.o
ADC_DeInit                                        Libraries\STM32F4xx_StdPeriph_Driver\src\stm32f4xx_adc.o
ADC_DiscModeChannelCountConfig                    Libraries\STM32F4xx_StdPeriph_Driver\src\stm32f4xx_adc.o
ADC_DiscModeCmd                                   Libraries\STM32F4xx_StdPeriph_Driver\src\stm32f4xx_adc.o
ADC_EOCOnEachRegularChannelCmd                    Libraries\STM32F4xx_StdPeriph_Driver\src\stm32f4xx_adc.o
ADC_ExternalTrigInjectedConvConfig                Libraries\STM32F4xx_StdPeriph_Driver\src\stm32f4xx_adc.o
ADC_ExternalTrigInjectedConvEdgeConfig            Libraries\STM32F4xx_StdPeriph_Driver\src\stm32f4xx_adc.o
ADC_GetConversionValue                            Libraries\STM32F4xx_StdPeriph_Driver\src\stm32f4xx_adc.o
ADC_GetFlagStatus                                 Libraries\STM32F4xx_StdPeriph_Driver\src\stm32f4xx_adc.o
ADC_GetITStatus                                   Libraries\STM32F4xx_StdPeriph_Driver\src\stm32f4xx_adc.o
ADC_GetInjectedConversionValue                    Libraries\STM32F4xx_StdPeriph_Driver\src\stm32f4xx_adc.o
ADC_GetMultiModeConversionValue                   Libraries\STM32F4xx_StdPeriph_Driver\src\stm32f4xx_adc.o
ADC_GetSoftwareStartConvStatus                    Libraries\STM32F4xx_StdPeriph_Driver\src\stm32f4xx_adc.o
ADC_GetSoftwareStartInjectedConvCmdStatus         Libraries\STM32F4xx_StdPeriph_Driver\src\stm32f4xx_adc.o
ADC_IRQHandler                                    src\startup_stm32f40xx.o
ADC_ITConfig                                      Libraries\STM32F4xx_StdPeriph_Driver\src\stm32f4xx_adc.o
ADC_Init                                          Libraries\STM32F4xx_StdPeriph_Driver\src\stm32f4xx_adc.o
                                                  src\analog_converter.o
ADC_InjectedChannelConfig                         Libraries\STM32F4xx_StdPeriph_Driver\src\stm32f4xx_adc.o
ADC_InjectedDiscModeCmd                           Libraries\STM32F4xx_StdPeriph_Driver\src\stm32f4xx_adc.o
ADC_InjectedSequencerLengthConfig                 Libraries\STM32F4xx_StdPeriph_Driver\src\stm32f4xx_adc.o
ADC_MultiModeDMARequestAfterLastTransferCmd       Libraries\STM32F4xx_StdPeriph_Driver\src\stm32f4xx_adc.o
ADC_RegularChannelConfig                          Libraries\STM32F4xx_StdPeriph_Driver\src\stm32f4xx_adc.o
                                                  src\analog_converter.o
ADC_SetInjectedOffset                             Libraries\STM32F4xx_StdPeriph_Driver\src\stm32f4xx_adc.o
ADC_SoftwareStartConv                             Libraries\STM32F4xx_StdPeriph_Driver\src\stm32f4xx_adc.o
                                                  src\analog_converter.o
ADC_SoftwareStartInjectedConv                     Libraries\STM32F4xx_StdPeriph_Driver\src\stm32f4xx_adc.o
ADC_StructInit                                    Libraries\STM32F4xx_StdPeriph_Driver\src\stm32f4xx_adc.o
ADC_TempSensorVrefintCmd                          Libraries\STM32F4xx_StdPeriph_Driver\src\stm32f4xx_adc.o
ADC_VBATCmd                                       Libraries\STM32F4xx_StdPeriph_Driver\src\stm32f4xx_adc.o
AHBPrescTable                                     src\system_stm32f4xx.o
BusFault_Handler                                  src\stm32f4xx_it.o
CAN1_RX0_IRQHandler                               src\startup_stm32f40xx.o
CAN1_RX1_IRQHandler                               src\startup_stm32f40xx.o
CAN1_SCE_IRQHandler                               src\startup_stm32f40xx.o
CAN1_TX_IRQHandler                                src\startup_stm32f40xx.o
CAN2_RX0_IRQHandler                               src\startup_stm32f40xx.o
CAN2_RX1_IRQHandler                               src\startup_stm32f40xx.o
CAN2_SCE_IRQHandler                               src\startup_stm32f40xx.o
CAN2_TX_IRQHandler                                src\startup_stm32f40xx.o
CAN_CancelTransmit                                Libraries\STM32F4xx_StdPeriph_Driver\src\stm32f4xx_can.o
CAN_ClearFlag                                     Libraries\STM32F4xx_StdPeriph_Driver\src\stm32f4xx_can.o
CAN_ClearITPendingBit                             Libraries\STM32F4xx_StdPeriph_Driver\src\stm32f4xx_can.o
CAN_DBGFreeze                                     Libraries\STM32F4xx_StdPeriph_Driver\src\stm32f4xx_can.o
CAN_DeInit                                        Libraries\STM32F4xx_StdPeriph_Driver\src\stm32f4xx_can.o
CAN_FIFORelease                                   Libraries\STM32F4xx_StdPeriph_Driver\src\stm32f4xx_can.o
CAN_FilterInit                                    Libraries\STM32F4xx_StdPeriph_Driver\src\stm32f4xx_can.o
CAN_GetFlagStatus                                 Libraries\STM32F4xx_StdPeriph_Driver\src\stm32f4xx_can.o
CAN_GetITStatus                                   Libraries\STM32F4xx_StdPeriph_Driver\src\stm32f4xx_can.o
CAN_GetLSBTransmitErrorCounter                    Libraries\STM32F4xx_StdPeriph_Driver\src\stm32f4xx_can.o
CAN_GetLastErrorCode                              Libraries\STM32F4xx_StdPeriph_Driver\src\stm32f4xx_can.o
CAN_GetReceiveErrorCounter                        Libraries\STM32F4xx_StdPeriph_Driver\src\stm32f4xx_can.o
CAN_ITConfig                                      Libraries\STM32F4xx_StdPeriph_Driver\src\stm32f4xx_can.o
CAN_Init                                          Libraries\STM32F4xx_StdPeriph_Driver\src\stm32f4xx_can.o
CAN_MessagePending                                Libraries\STM32F4xx_StdPeriph_Driver\src\stm32f4xx_can.o
CAN_OperatingModeRequest                          Libraries\STM32F4xx_StdPeriph_Driver\src\stm32f4xx_can.o
CAN_Receive                                       Libraries\STM32F4xx_StdPeriph_Driver\src\stm32f4xx_can.o
CAN_SlaveStartBank                                Libraries\STM32F4xx_StdPeriph_Driver\src\stm32f4xx_can.o
CAN_Sleep                                         Libraries\STM32F4xx_StdPeriph_Driver\src\stm32f4xx_can.o
CAN_StructInit                                    Libraries\STM32F4xx_StdPeriph_Driver\src\stm32f4xx_can.o
CAN_TTComModeCmd                                  Libraries\STM32F4xx_StdPeriph_Driver\src\stm32f4xx_can.o
CAN_Transmit                                      Libraries\STM32F4xx_StdPeriph_Driver\src\stm32f4xx_can.o
CAN_TransmitStatus                                Libraries\STM32F4xx_StdPeriph_Driver\src\stm32f4xx_can.o
CAN_WakeUp                                        Libraries\STM32F4xx_StdPeriph_Driver\src\stm32f4xx_can.o
CRC_CalcBlockCRC                                  Libraries\STM32F4xx_StdPeriph_Driver\src\stm32f4xx_crc.o
CRC_CalcCRC                                       Libraries\STM32F4xx_StdPeriph_Driver\src\stm32f4xx_crc.o
CRC_GetCRC                                        Libraries\STM32F4xx_StdPeriph_Driver\src\stm32f4xx_crc.o
CRC_GetIDRegister                                 Libraries\STM32F4xx_StdPeriph_Driver\src\stm32f4xx_crc.o
CRC_ResetDR                                       Libraries\STM32F4xx_StdPeriph_Driver\src\stm32f4xx_crc.o
CRC_SetIDRegister                                 Libraries\STM32F4xx_StdPeriph_Driver\src\stm32f4xx_crc.o
CRYP_AES_CBC                                      Libraries\STM32F4xx_StdPeriph_Driver\src\stm32f4xx_cryp_aes.o
CRYP_AES_CCM                                      Libraries\STM32F4xx_StdPeriph_Driver\src\stm32f4xx_cryp_aes.o
CRYP_AES_CTR                                      Libraries\STM32F4xx_StdPeriph_Driver\src\stm32f4xx_cryp_aes.o
CRYP_AES_ECB                                      Libraries\STM32F4xx_StdPeriph_Driver\src\stm32f4xx_cryp_aes.o
CRYP_AES_GCM                                      Libraries\STM32F4xx_StdPeriph_Driver\src\stm32f4xx_cryp_aes.o
CRYP_Cmd                                          Libraries\STM32F4xx_StdPeriph_Driver\src\stm32f4xx_cryp.o
                                                  Libraries\STM32F4xx_StdPeriph_Driver\src\stm32f4xx_cryp_aes.o
                                                  Libraries\STM32F4xx_StdPeriph_Driver\src\stm32f4xx_cryp_des.o
                                                  Libraries\STM32F4xx_StdPeriph_Driver\src\stm32f4xx_cryp_tdes.o
CRYP_DES_CBC                                      Libraries\STM32F4xx_StdPeriph_Driver\src\stm32f4xx_cryp_des.o
CRYP_DES_ECB                                      Libraries\STM32F4xx_StdPeriph_Driver\src\stm32f4xx_cryp_des.o
CRYP_DMACmd                                       Libraries\STM32F4xx_StdPeriph_Driver\src\stm32f4xx_cryp.o
CRYP_DataIn                                       Libraries\STM32F4xx_StdPeriph_Driver\src\stm32f4xx_cryp.o
                                                  Libraries\STM32F4xx_StdPeriph_Driver\src\stm32f4xx_cryp_aes.o
                                                  Libraries\STM32F4xx_StdPeriph_Driver\src\stm32f4xx_cryp_des.o
                                                  Libraries\STM32F4xx_StdPeriph_Driver\src\stm32f4xx_cryp_tdes.o
CRYP_DataOut                                      Libraries\STM32F4xx_StdPeriph_Driver\src\stm32f4xx_cryp.o
                                                  Libraries\STM32F4xx_StdPeriph_Driver\src\stm32f4xx_cryp_aes.o
                                                  Libraries\STM32F4xx_StdPeriph_Driver\src\stm32f4xx_cryp_des.o
                                                  Libraries\STM32F4xx_StdPeriph_Driver\src\stm32f4xx_cryp_tdes.o
CRYP_DeInit                                       Libraries\STM32F4xx_StdPeriph_Driver\src\stm32f4xx_cryp.o
CRYP_FIFOFlush                                    Libraries\STM32F4xx_StdPeriph_Driver\src\stm32f4xx_cryp.o
                                                  Libraries\STM32F4xx_StdPeriph_Driver\src\stm32f4xx_cryp_aes.o
                                                  Libraries\STM32F4xx_StdPeriph_Driver\src\stm32f4xx_cryp_des.o
                                                  Libraries\STM32F4xx_StdPeriph_Driver\src\stm32f4xx_cryp_tdes.o
CRYP_GetCmdStatus                                 Libraries\STM32F4xx_StdPeriph_Driver\src\stm32f4xx_cryp.o
                                                  Libraries\STM32F4xx_StdPeriph_Driver\src\stm32f4xx_cryp_aes.o
                                                  Libraries\STM32F4xx_StdPeriph_Driver\src\stm32f4xx_cryp_des.o
                                                  Libraries\STM32F4xx_StdPeriph_Driver\src\stm32f4xx_cryp_tdes.o
CRYP_GetFlagStatus                                Libraries\STM32F4xx_StdPeriph_Driver\src\stm32f4xx_cryp.o
                                                  Libraries\STM32F4xx_StdPeriph_Driver\src\stm32f4xx_cryp_aes.o
                                                  Libraries\STM32F4xx_StdPeriph_Driver\src\stm32f4xx_cryp_des.o
                                                  Libraries\STM32F4xx_StdPeriph_Driver\src\stm32f4xx_cryp_tdes.o
CRYP_GetITStatus                                  Libraries\STM32F4xx_StdPeriph_Driver\src\stm32f4xx_cryp.o
CRYP_IRQHandler                                   src\startup_stm32f40xx.o
CRYP_ITConfig                                     Libraries\STM32F4xx_StdPeriph_Driver\src\stm32f4xx_cryp.o
CRYP_IVInit                                       Libraries\STM32F4xx_StdPeriph_Driver\src\stm32f4xx_cryp.o
                                                  Libraries\STM32F4xx_StdPeriph_Driver\src\stm32f4xx_cryp_aes.o
                                                  Libraries\STM32F4xx_StdPeriph_Driver\src\stm32f4xx_cryp_des.o
                                                  Libraries\STM32F4xx_StdPeriph_Driver\src\stm32f4xx_cryp_tdes.o
CRYP_IVStructInit                                 Libraries\STM32F4xx_StdPeriph_Driver\src\stm32f4xx_cryp.o
CRYP_Init                                         Libraries\STM32F4xx_StdPeriph_Driver\src\stm32f4xx_cryp.o
                                                  Libraries\STM32F4xx_StdPeriph_Driver\src\stm32f4xx_cryp_aes.o
                                                  Libraries\STM32F4xx_StdPeriph_Driver\src\stm32f4xx_cryp_des.o
                                                  Libraries\STM32F4xx_StdPeriph_Driver\src\stm32f4xx_cryp_tdes.o
CRYP_KeyInit                                      Libraries\STM32F4xx_StdPeriph_Driver\src\stm32f4xx_cryp.o
                                                  Libraries\STM32F4xx_StdPeriph_Driver\src\stm32f4xx_cryp_aes.o
                                                  Libraries\STM32F4xx_StdPeriph_Driver\src\stm32f4xx_cryp_des.o
                                                  Libraries\STM32F4xx_StdPeriph_Driver\src\stm32f4xx_cryp_tdes.o
CRYP_KeyStructInit                                Libraries\STM32F4xx_StdPeriph_Driver\src\stm32f4xx_cryp.o
                                                  Libraries\STM32F4xx_StdPeriph_Driver\src\stm32f4xx_cryp_aes.o
                                                  Libraries\STM32F4xx_StdPeriph_Driver\src\stm32f4xx_cryp_des.o
                                                  Libraries\STM32F4xx_StdPeriph_Driver\src\stm32f4xx_cryp_tdes.o
CRYP_PhaseConfig                                  Libraries\STM32F4xx_StdPeriph_Driver\src\stm32f4xx_cryp.o
                                                  Libraries\STM32F4xx_StdPeriph_Driver\src\stm32f4xx_cryp_aes.o
CRYP_RestoreContext                               Libraries\STM32F4xx_StdPeriph_Driver\src\stm32f4xx_cryp.o
CRYP_SaveContext                                  Libraries\STM32F4xx_StdPeriph_Driver\src\stm32f4xx_cryp.o
CRYP_StructInit                                   Libraries\STM32F4xx_StdPeriph_Driver\src\stm32f4xx_cryp.o
CRYP_TDES_CBC                                     Libraries\STM32F4xx_StdPeriph_Driver\src\stm32f4xx_cryp_tdes.o
CRYP_TDES_ECB                                     Libraries\STM32F4xx_StdPeriph_Driver\src\stm32f4xx_cryp_tdes.o
DAC_ClearFlag                                     Libraries\STM32F4xx_StdPeriph_Driver\src\stm32f4xx_dac.o
DAC_ClearITPendingBit                             Libraries\STM32F4xx_StdPeriph_Driver\src\stm32f4xx_dac.o
DAC_Cmd                                           Libraries\STM32F4xx_StdPeriph_Driver\src\stm32f4xx_dac.o
DAC_DMACmd                                        Libraries\STM32F4xx_StdPeriph_Driver\src\stm32f4xx_dac.o
DAC_DeInit                                        Libraries\STM32F4xx_StdPeriph_Driver\src\stm32f4xx_dac.o
DAC_DualSoftwareTriggerCmd                        Libraries\STM32F4xx_StdPeriph_Driver\src\stm32f4xx_dac.o
DAC_GetDataOutputValue                            Libraries\STM32F4xx_StdPeriph_Driver\src\stm32f4xx_dac.o
DAC_GetFlagStatus                                 Libraries\STM32F4xx_StdPeriph_Driver\src\stm32f4xx_dac.o
DAC_GetITStatus                                   Libraries\STM32F4xx_StdPeriph_Driver\src\stm32f4xx_dac.o
DAC_ITConfig                                      Libraries\STM32F4xx_StdPeriph_Driver\src\stm32f4xx_dac.o
DAC_Init                                          Libraries\STM32F4xx_StdPeriph_Driver\src\stm32f4xx_dac.o
DAC_SetChannel1Data                               Libraries\STM32F4xx_StdPeriph_Driver\src\stm32f4xx_dac.o
DAC_SetChannel2Data                               Libraries\STM32F4xx_StdPeriph_Driver\src\stm32f4xx_dac.o
DAC_SetDualChannelData                            Libraries\STM32F4xx_StdPeriph_Driver\src\stm32f4xx_dac.o
DAC_SoftwareTriggerCmd                            Libraries\STM32F4xx_StdPeriph_Driver\src\stm32f4xx_dac.o
DAC_StructInit                                    Libraries\STM32F4xx_StdPeriph_Driver\src\stm32f4xx_dac.o
DAC_WaveGenerationCmd                             Libraries\STM32F4xx_StdPeriph_Driver\src\stm32f4xx_dac.o
DBGMCU_APB1PeriphConfig                           Libraries\STM32F4xx_StdPeriph_Driver\src\stm32f4xx_dbgmcu.o
DBGMCU_APB2PeriphConfig                           Libraries\STM32F4xx_StdPeriph_Driver\src\stm32f4xx_dbgmcu.o
DBGMCU_Config                                     Libraries\STM32F4xx_StdPeriph_Driver\src\stm32f4xx_dbgmcu.o
DBGMCU_GetDEVID                                   Libraries\STM32F4xx_StdPeriph_Driver\src\stm32f4xx_dbgmcu.o
DBGMCU_GetREVID                                   Libraries\STM32F4xx_StdPeriph_Driver\src\stm32f4xx_dbgmcu.o
DCGain                                            src\timer_conf.o
DCMI_CROPCmd                                      Libraries\STM32F4xx_StdPeriph_Driver\src\stm32f4xx_dcmi.o
DCMI_CROPConfig                                   Libraries\STM32F4xx_StdPeriph_Driver\src\stm32f4xx_dcmi.o
DCMI_CaptureCmd                                   Libraries\STM32F4xx_StdPeriph_Driver\src\stm32f4xx_dcmi.o
DCMI_ClearFlag                                    Libraries\STM32F4xx_StdPeriph_Driver\src\stm32f4xx_dcmi.o
DCMI_ClearITPendingBit                            Libraries\STM32F4xx_StdPeriph_Driver\src\stm32f4xx_dcmi.o
DCMI_Cmd                                          Libraries\STM32F4xx_StdPeriph_Driver\src\stm32f4xx_dcmi.o
DCMI_DeInit                                       Libraries\STM32F4xx_StdPeriph_Driver\src\stm32f4xx_dcmi.o
DCMI_GetFlagStatus                                Libraries\STM32F4xx_StdPeriph_Driver\src\stm32f4xx_dcmi.o
DCMI_GetITStatus                                  Libraries\STM32F4xx_StdPeriph_Driver\src\stm32f4xx_dcmi.o
DCMI_IRQHandler                                   src\startup_stm32f40xx.o
DCMI_ITConfig                                     Libraries\STM32F4xx_StdPeriph_Driver\src\stm32f4xx_dcmi.o
DCMI_Init                                         Libraries\STM32F4xx_StdPeriph_Driver\src\stm32f4xx_dcmi.o
DCMI_JPEGCmd                                      Libraries\STM32F4xx_StdPeriph_Driver\src\stm32f4xx_dcmi.o
DCMI_ReadData                                     Libraries\STM32F4xx_StdPeriph_Driver\src\stm32f4xx_dcmi.o
DCMI_SetEmbeddedSynchroCodes                      Libraries\STM32F4xx_StdPeriph_Driver\src\stm32f4xx_dcmi.o
DCMI_StructInit                                   Libraries\STM32F4xx_StdPeriph_Driver\src\stm32f4xx_dcmi.o
DMA1_Stream0_IRQHandler                           src\startup_stm32f40xx.o
DMA1_Stream1_IRQHandler                           src\startup_stm32f40xx.o
DMA1_Stream2_IRQHandler                           src\startup_stm32f40xx.o
DMA1_Stream3_IRQHandler                           src\startup_stm32f40xx.o
DMA1_Stream4_IRQHandler                           src\startup_stm32f40xx.o
DMA1_Stream5_IRQHandler                           src\startup_stm32f40xx.o
DMA1_Stream6_IRQHandler                           src\startup_stm32f40xx.o
DMA1_Stream7_IRQHandler                           src\startup_stm32f40xx.o
DMA2_Stream0_IRQHandler                           src\startup_stm32f40xx.o
DMA2_Stream1_IRQHandler                           src\startup_stm32f40xx.o
DMA2_Stream2_IRQHandler                           src\startup_stm32f40xx.o
DMA2_Stream3_IRQHandler                           src\startup_stm32f40xx.o
DMA2_Stream4_IRQHandler                           src\startup_stm32f40xx.o
DMA2_Stream5_IRQHandler                           src\startup_stm32f40xx.o
DMA2_Stream6_IRQHandler                           src\startup_stm32f40xx.o
DMA2_Stream7_IRQHandler                           src\startup_stm32f40xx.o
DMA_ClearFlag                                     Libraries\STM32F4xx_StdPeriph_Driver\src\stm32f4xx_dma.o
DMA_ClearITPendingBit                             Libraries\STM32F4xx_StdPeriph_Driver\src\stm32f4xx_dma.o
DMA_Cmd                                           Libraries\STM32F4xx_StdPeriph_Driver\src\stm32f4xx_dma.o
                                                  src\analog_converter.o
DMA_DeInit                                        Libraries\STM32F4xx_StdPeriph_Driver\src\stm32f4xx_dma.o
                                                  src\analog_converter.o
DMA_DoubleBufferModeCmd                           Libraries\STM32F4xx_StdPeriph_Driver\src\stm32f4xx_dma.o
DMA_DoubleBufferModeConfig                        Libraries\STM32F4xx_StdPeriph_Driver\src\stm32f4xx_dma.o
DMA_FlowControllerConfig                          Libraries\STM32F4xx_StdPeriph_Driver\src\stm32f4xx_dma.o
DMA_GetCmdStatus                                  Libraries\STM32F4xx_StdPeriph_Driver\src\stm32f4xx_dma.o
DMA_GetCurrDataCounter                            Libraries\STM32F4xx_StdPeriph_Driver\src\stm32f4xx_dma.o
DMA_GetCurrentMemoryTarget                        Libraries\STM32F4xx_StdPeriph_Driver\src\stm32f4xx_dma.o
DMA_GetFIFOStatus                                 Libraries\STM32F4xx_StdPeriph_Driver\src\stm32f4xx_dma.o
DMA_GetFlagStatus                                 Libraries\STM32F4xx_StdPeriph_Driver\src\stm32f4xx_dma.o
DMA_GetITStatus                                   Libraries\STM32F4xx_StdPeriph_Driver\src\stm32f4xx_dma.o
DMA_ITConfig                                      Libraries\STM32F4xx_StdPeriph_Driver\src\stm32f4xx_dma.o
DMA_Init                                          Libraries\STM32F4xx_StdPeriph_Driver\src\stm32f4xx_dma.o
                                                  src\analog_converter.o
DMA_MemoryTargetConfig                            Libraries\STM32F4xx_StdPeriph_Driver\src\stm32f4xx_dma.o
DMA_PeriphIncOffsetSizeConfig                     Libraries\STM32F4xx_StdPeriph_Driver\src\stm32f4xx_dma.o
DMA_SetCurrDataCounter                            Libraries\STM32F4xx_StdPeriph_Driver\src\stm32f4xx_dma.o
DMA_StructInit                                    Libraries\STM32F4xx_StdPeriph_Driver\src\stm32f4xx_dma.o
DebugMon_Handler                                  src\stm32f4xx_it.o
Default_Handler                                   src\startup_stm32f40xx.o
ETH_IRQHandler                                    src\startup_stm32f40xx.o
ETH_WKUP_IRQHandler                               src\startup_stm32f40xx.o
EXTI0_IRQHandler                                  src\startup_stm32f40xx.o
EXTI15_10_IRQHandler                              src\startup_stm32f40xx.o
EXTI1_IRQHandler                                  src\startup_stm32f40xx.o
EXTI2_IRQHandler                                  src\startup_stm32f40xx.o
EXTI3_IRQHandler                                  src\startup_stm32f40xx.o
EXTI4_IRQHandler                                  src\startup_stm32f40xx.o
EXTI9_5_IRQHandler                                src\user_interface.o
EXTI_ClearFlag                                    Libraries\STM32F4xx_StdPeriph_Driver\src\stm32f4xx_exti.o
EXTI_ClearITPendingBit                            Libraries\STM32F4xx_StdPeriph_Driver\src\stm32f4xx_exti.o
                                                  src\user_interface.o
EXTI_DeInit                                       Libraries\STM32F4xx_StdPeriph_Driver\src\stm32f4xx_exti.o
EXTI_GenerateSWInterrupt                          Libraries\STM32F4xx_StdPeriph_Driver\src\stm32f4xx_exti.o
EXTI_GetFlagStatus                                Libraries\STM32F4xx_StdPeriph_Driver\src\stm32f4xx_exti.o
EXTI_GetITStatus                                  Libraries\STM32F4xx_StdPeriph_Driver\src\stm32f4xx_exti.o
                                                  src\user_interface.o
EXTI_Init                                         Libraries\STM32F4xx_StdPeriph_Driver\src\stm32f4xx_exti.o
                                                  src\user_interface.o
EXTI_StructInit                                   Libraries\STM32F4xx_StdPeriph_Driver\src\stm32f4xx_exti.o
FLASH_ClearFlag                                   Libraries\STM32F4xx_StdPeriph_Driver\src\stm32f4xx_flash.o
FLASH_DataCacheCmd                                Libraries\STM32F4xx_StdPeriph_Driver\src\stm32f4xx_flash.o
FLASH_DataCacheReset                              Libraries\STM32F4xx_StdPeriph_Driver\src\stm32f4xx_flash.o
FLASH_EraseAllSectors                             Libraries\STM32F4xx_StdPeriph_Driver\src\stm32f4xx_flash.o
FLASH_EraseSector                                 Libraries\STM32F4xx_StdPeriph_Driver\src\stm32f4xx_flash.o
FLASH_GetFlagStatus                               Libraries\STM32F4xx_StdPeriph_Driver\src\stm32f4xx_flash.o
FLASH_GetStatus                                   Libraries\STM32F4xx_StdPeriph_Driver\src\stm32f4xx_flash.o
FLASH_IRQHandler                                  src\startup_stm32f40xx.o
FLASH_ITConfig                                    Libraries\STM32F4xx_StdPeriph_Driver\src\stm32f4xx_flash.o
FLASH_InstructionCacheCmd                         Libraries\STM32F4xx_StdPeriph_Driver\src\stm32f4xx_flash.o
FLASH_InstructionCacheReset                       Libraries\STM32F4xx_StdPeriph_Driver\src\stm32f4xx_flash.o
FLASH_Lock                                        Libraries\STM32F4xx_StdPeriph_Driver\src\stm32f4xx_flash.o
FLASH_OB_BORConfig                                Libraries\STM32F4xx_StdPeriph_Driver\src\stm32f4xx_flash.o
FLASH_OB_GetBOR                                   Libraries\STM32F4xx_StdPeriph_Driver\src\stm32f4xx_flash.o
FLASH_OB_GetRDP                                   Libraries\STM32F4xx_StdPeriph_Driver\src\stm32f4xx_flash.o
FLASH_OB_GetUser                                  Libraries\STM32F4xx_StdPeriph_Driver\src\stm32f4xx_flash.o
FLASH_OB_GetWRP                                   Libraries\STM32F4xx_StdPeriph_Driver\src\stm32f4xx_flash.o
FLASH_OB_GetWRP1                                  Libraries\STM32F4xx_StdPeriph_Driver\src\stm32f4xx_flash.o
FLASH_OB_Launch                                   Libraries\STM32F4xx_StdPeriph_Driver\src\stm32f4xx_flash.o
FLASH_OB_Lock                                     Libraries\STM32F4xx_StdPeriph_Driver\src\stm32f4xx_flash.o
FLASH_OB_RDPConfig                                Libraries\STM32F4xx_StdPeriph_Driver\src\stm32f4xx_flash.o
FLASH_OB_Unlock                                   Libraries\STM32F4xx_StdPeriph_Driver\src\stm32f4xx_flash.o
FLASH_OB_UserConfig                               Libraries\STM32F4xx_StdPeriph_Driver\src\stm32f4xx_flash.o
FLASH_OB_WRP1Config                               Libraries\STM32F4xx_StdPeriph_Driver\src\stm32f4xx_flash.o
FLASH_OB_WRPConfig                                Libraries\STM32F4xx_StdPeriph_Driver\src\stm32f4xx_flash.o
FLASH_PrefetchBufferCmd                           Libraries\STM32F4xx_StdPeriph_Driver\src\stm32f4xx_flash.o
FLASH_ProgramByte                                 Libraries\STM32F4xx_StdPeriph_Driver\src\stm32f4xx_flash.o
FLASH_ProgramDoubleWord                           Libraries\STM32F4xx_StdPeriph_Driver\src\stm32f4xx_flash.o
FLASH_ProgramHalfWord                             Libraries\STM32F4xx_StdPeriph_Driver\src\stm32f4xx_flash.o
FLASH_ProgramWord                                 Libraries\STM32F4xx_StdPeriph_Driver\src\stm32f4xx_flash.o
FLASH_SetLatency                                  Libraries\STM32F4xx_StdPeriph_Driver\src\stm32f4xx_flash.o
FLASH_Unlock                                      Libraries\STM32F4xx_StdPeriph_Driver\src\stm32f4xx_flash.o
FLASH_WaitForLastOperation                        Libraries\STM32F4xx_StdPeriph_Driver\src\stm32f4xx_flash.o
FPU_IRQHandler                                    src\startup_stm32f40xx.o
FSMC_ClearFlag                                    Libraries\STM32F4xx_StdPeriph_Driver\src\stm32f4xx_fsmc.o
FSMC_ClearITPendingBit                            Libraries\STM32F4xx_StdPeriph_Driver\src\stm32f4xx_fsmc.o
FSMC_GetECC                                       Libraries\STM32F4xx_StdPeriph_Driver\src\stm32f4xx_fsmc.o
FSMC_GetFlagStatus                                Libraries\STM32F4xx_StdPeriph_Driver\src\stm32f4xx_fsmc.o
FSMC_GetITStatus                                  Libraries\STM32F4xx_StdPeriph_Driver\src\stm32f4xx_fsmc.o
FSMC_IRQHandler                                   src\startup_stm32f40xx.o
FSMC_ITConfig                                     Libraries\STM32F4xx_StdPeriph_Driver\src\stm32f4xx_fsmc.o
FSMC_NANDCmd                                      Libraries\STM32F4xx_StdPeriph_Driver\src\stm32f4xx_fsmc.o
FSMC_NANDDeInit                                   Libraries\STM32F4xx_StdPeriph_Driver\src\stm32f4xx_fsmc.o
FSMC_NANDECCCmd                                   Libraries\STM32F4xx_StdPeriph_Driver\src\stm32f4xx_fsmc.o
FSMC_NANDInit                                     Libraries\STM32F4xx_StdPeriph_Driver\src\stm32f4xx_fsmc.o
FSMC_NANDStructInit                               Libraries\STM32F4xx_StdPeriph_Driver\src\stm32f4xx_fsmc.o
FSMC_NORSRAMCmd                                   Libraries\STM32F4xx_StdPeriph_Driver\src\stm32f4xx_fsmc.o
FSMC_NORSRAMDeInit                                Libraries\STM32F4xx_StdPeriph_Driver\src\stm32f4xx_fsmc.o
FSMC_NORSRAMInit                                  Libraries\STM32F4xx_StdPeriph_Driver\src\stm32f4xx_fsmc.o
FSMC_NORSRAMStructInit                            Libraries\STM32F4xx_StdPeriph_Driver\src\stm32f4xx_fsmc.o
FSMC_PCCARDCmd                                    Libraries\STM32F4xx_StdPeriph_Driver\src\stm32f4xx_fsmc.o
FSMC_PCCARDDeInit                                 Libraries\STM32F4xx_StdPeriph_Driver\src\stm32f4xx_fsmc.o
FSMC_PCCARDInit                                   Libraries\STM32F4xx_StdPeriph_Driver\src\stm32f4xx_fsmc.o
FSMC_PCCARDStructInit                             Libraries\STM32F4xx_StdPeriph_Driver\src\stm32f4xx_fsmc.o
GPIO_DeInit                                       Libraries\STM32F4xx_StdPeriph_Driver\src\stm32f4xx_gpio.o
GPIO_Init                                         Libraries\STM32F4xx_StdPeriph_Driver\src\stm32f4xx_gpio.o
                                                  src\analog_converter.o
                                                  src\clock_conf.o
                                                  src\timer_conf.o
                                                  src\user_interface.o
GPIO_PinAFConfig                                  Libraries\STM32F4xx_StdPeriph_Driver\src\stm32f4xx_gpio.o
                                                  src\timer_conf.o
GPIO_PinLockConfig                                Libraries\STM32F4xx_StdPeriph_Driver\src\stm32f4xx_gpio.o
GPIO_ReadInputData                                Libraries\STM32F4xx_StdPeriph_Driver\src\stm32f4xx_gpio.o
GPIO_ReadInputDataBit                             Libraries\STM32F4xx_StdPeriph_Driver\src\stm32f4xx_gpio.o
GPIO_ReadOutputData                               Libraries\STM32F4xx_StdPeriph_Driver\src\stm32f4xx_gpio.o
GPIO_ReadOutputDataBit                            Libraries\STM32F4xx_StdPeriph_Driver\src\stm32f4xx_gpio.o
GPIO_ResetBits                                    Libraries\STM32F4xx_StdPeriph_Driver\src\stm32f4xx_gpio.o
GPIO_SetBits                                      Libraries\STM32F4xx_StdPeriph_Driver\src\stm32f4xx_gpio.o
GPIO_StructInit                                   Libraries\STM32F4xx_StdPeriph_Driver\src\stm32f4xx_gpio.o
GPIO_ToggleBits                                   Libraries\STM32F4xx_StdPeriph_Driver\src\stm32f4xx_gpio.o
GPIO_Write                                        Libraries\STM32F4xx_StdPeriph_Driver\src\stm32f4xx_gpio.o
GPIO_WriteBit                                     Libraries\STM32F4xx_StdPeriph_Driver\src\stm32f4xx_gpio.o
HASH_AutoStartDigest                              Libraries\STM32F4xx_StdPeriph_Driver\src\stm32f4xx_hash.o
HASH_ClearFlag                                    Libraries\STM32F4xx_StdPeriph_Driver\src\stm32f4xx_hash.o
HASH_ClearITPendingBit                            Libraries\STM32F4xx_StdPeriph_Driver\src\stm32f4xx_hash.o
HASH_DMACmd                                       Libraries\STM32F4xx_StdPeriph_Driver\src\stm32f4xx_hash.o
HASH_DataIn                                       Libraries\STM32F4xx_StdPeriph_Driver\src\stm32f4xx_hash.o
                                                  Libraries\STM32F4xx_StdPeriph_Driver\src\stm32f4xx_hash_md5.o
                                                  Libraries\STM32F4xx_StdPeriph_Driver\src\stm32f4xx_hash_sha1.o
HASH_DeInit                                       Libraries\STM32F4xx_StdPeriph_Driver\src\stm32f4xx_hash.o
                                                  Libraries\STM32F4xx_StdPeriph_Driver\src\stm32f4xx_hash_md5.o
                                                  Libraries\STM32F4xx_StdPeriph_Driver\src\stm32f4xx_hash_sha1.o
HASH_GetDigest                                    Libraries\STM32F4xx_StdPeriph_Driver\src\stm32f4xx_hash.o
                                                  Libraries\STM32F4xx_StdPeriph_Driver\src\stm32f4xx_hash_md5.o
                                                  Libraries\STM32F4xx_StdPeriph_Driver\src\stm32f4xx_hash_sha1.o
HASH_GetFlagStatus                                Libraries\STM32F4xx_StdPeriph_Driver\src\stm32f4xx_hash.o
                                                  Libraries\STM32F4xx_StdPeriph_Driver\src\stm32f4xx_hash_md5.o
                                                  Libraries\STM32F4xx_StdPeriph_Driver\src\stm32f4xx_hash_sha1.o
HASH_GetITStatus                                  Libraries\STM32F4xx_StdPeriph_Driver\src\stm32f4xx_hash.o
HASH_GetInFIFOWordsNbr                            Libraries\STM32F4xx_StdPeriph_Driver\src\stm32f4xx_hash.o
HASH_ITConfig                                     Libraries\STM32F4xx_StdPeriph_Driver\src\stm32f4xx_hash.o
HASH_Init                                         Libraries\STM32F4xx_StdPeriph_Driver\src\stm32f4xx_hash.o
                                                  Libraries\STM32F4xx_StdPeriph_Driver\src\stm32f4xx_hash_md5.o
                                                  Libraries\STM32F4xx_StdPeriph_Driver\src\stm32f4xx_hash_sha1.o
HASH_MD5                                          Libraries\STM32F4xx_StdPeriph_Driver\src\stm32f4xx_hash_md5.o
HASH_RNG_IRQHandler                               src\startup_stm32f40xx.o
HASH_Reset                                        Libraries\STM32F4xx_StdPeriph_Driver\src\stm32f4xx_hash.o
HASH_RestoreContext                               Libraries\STM32F4xx_StdPeriph_Driver\src\stm32f4xx_hash.o
HASH_SHA1                                         Libraries\STM32F4xx_StdPeriph_Driver\src\stm32f4xx_hash_sha1.o
HASH_SaveContext                                  Libraries\STM32F4xx_StdPeriph_Driver\src\stm32f4xx_hash.o
HASH_SetLastWordValidBitsNbr                      Libraries\STM32F4xx_StdPeriph_Driver\src\stm32f4xx_hash.o
                                                  Libraries\STM32F4xx_StdPeriph_Driver\src\stm32f4xx_hash_md5.o
                                                  Libraries\STM32F4xx_StdPeriph_Driver\src\stm32f4xx_hash_sha1.o
HASH_StartDigest                                  Libraries\STM32F4xx_StdPeriph_Driver\src\stm32f4xx_hash.o
                                                  Libraries\STM32F4xx_StdPeriph_Driver\src\stm32f4xx_hash_md5.o
                                                  Libraries\STM32F4xx_StdPeriph_Driver\src\stm32f4xx_hash_sha1.o
HASH_StructInit                                   Libraries\STM32F4xx_StdPeriph_Driver\src\stm32f4xx_hash.o
HMAC_MD5                                          Libraries\STM32F4xx_StdPeriph_Driver\src\stm32f4xx_hash_md5.o
HMAC_SHA1                                         Libraries\STM32F4xx_StdPeriph_Driver\src\stm32f4xx_hash_sha1.o
HardFault_Handler                                 src\stm32f4xx_it.o
I2C1_ER_IRQHandler                                src\startup_stm32f40xx.o
I2C1_EV_IRQHandler                                src\startup_stm32f40xx.o
I2C2_ER_IRQHandler                                src\startup_stm32f40xx.o
I2C2_EV_IRQHandler                                src\startup_stm32f40xx.o
I2C3_ER_IRQHandler                                src\startup_stm32f40xx.o
I2C3_EV_IRQHandler                                src\startup_stm32f40xx.o
I2C_ARPCmd                                        Libraries\STM32F4xx_StdPeriph_Driver\src\stm32f4xx_i2c.o
I2C_AcknowledgeConfig                             Libraries\STM32F4xx_StdPeriph_Driver\src\stm32f4xx_i2c.o
I2C_AnalogFilterCmd                               Libraries\STM32F4xx_StdPeriph_Driver\src\stm32f4xx_i2c.o
I2C_CalculatePEC                                  Libraries\STM32F4xx_StdPeriph_Driver\src\stm32f4xx_i2c.o
I2C_CheckEvent                                    Libraries\STM32F4xx_StdPeriph_Driver\src\stm32f4xx_i2c.o
I2C_ClearFlag                                     Libraries\STM32F4xx_StdPeriph_Driver\src\stm32f4xx_i2c.o
I2C_ClearITPendingBit                             Libraries\STM32F4xx_StdPeriph_Driver\src\stm32f4xx_i2c.o
I2C_Cmd                                           Libraries\STM32F4xx_StdPeriph_Driver\src\stm32f4xx_i2c.o
I2C_DMACmd                                        Libraries\STM32F4xx_StdPeriph_Driver\src\stm32f4xx_i2c.o
I2C_DMALastTransferCmd                            Libraries\STM32F4xx_StdPeriph_Driver\src\stm32f4xx_i2c.o
I2C_DeInit                                        Libraries\STM32F4xx_StdPeriph_Driver\src\stm32f4xx_i2c.o
I2C_DigitalFilterConfig                           Libraries\STM32F4xx_StdPeriph_Driver\src\stm32f4xx_i2c.o
I2C_DualAddressCmd                                Libraries\STM32F4xx_StdPeriph_Driver\src\stm32f4xx_i2c.o
I2C_FastModeDutyCycleConfig                       Libraries\STM32F4xx_StdPeriph_Driver\src\stm32f4xx_i2c.o
I2C_GeneralCallCmd                                Libraries\STM32F4xx_StdPeriph_Driver\src\stm32f4xx_i2c.o
I2C_GenerateSTART                                 Libraries\STM32F4xx_StdPeriph_Driver\src\stm32f4xx_i2c.o
I2C_GenerateSTOP                                  Libraries\STM32F4xx_StdPeriph_Driver\src\stm32f4xx_i2c.o
I2C_GetFlagStatus                                 Libraries\STM32F4xx_StdPeriph_Driver\src\stm32f4xx_i2c.o
I2C_GetITStatus                                   Libraries\STM32F4xx_StdPeriph_Driver\src\stm32f4xx_i2c.o
I2C_GetLastEvent                                  Libraries\STM32F4xx_StdPeriph_Driver\src\stm32f4xx_i2c.o
I2C_GetPEC                                        Libraries\STM32F4xx_StdPeriph_Driver\src\stm32f4xx_i2c.o
I2C_ITConfig                                      Libraries\STM32F4xx_StdPeriph_Driver\src\stm32f4xx_i2c.o
I2C_Init                                          Libraries\STM32F4xx_StdPeriph_Driver\src\stm32f4xx_i2c.o
I2C_NACKPositionConfig                            Libraries\STM32F4xx_StdPeriph_Driver\src\stm32f4xx_i2c.o
I2C_OwnAddress2Config                             Libraries\STM32F4xx_StdPeriph_Driver\src\stm32f4xx_i2c.o
I2C_PECPositionConfig                             Libraries\STM32F4xx_StdPeriph_Driver\src\stm32f4xx_i2c.o
I2C_ReadRegister                                  Libraries\STM32F4xx_StdPeriph_Driver\src\stm32f4xx_i2c.o
I2C_ReceiveData                                   Libraries\STM32F4xx_StdPeriph_Driver\src\stm32f4xx_i2c.o
I2C_SMBusAlertConfig                              Libraries\STM32F4xx_StdPeriph_Driver\src\stm32f4xx_i2c.o
I2C_Send7bitAddress                               Libraries\STM32F4xx_StdPeriph_Driver\src\stm32f4xx_i2c.o
I2C_SendData                                      Libraries\STM32F4xx_StdPeriph_Driver\src\stm32f4xx_i2c.o
I2C_SoftwareResetCmd                              Libraries\STM32F4xx_StdPeriph_Driver\src\stm32f4xx_i2c.o
I2C_StretchClockCmd                               Libraries\STM32F4xx_StdPeriph_Driver\src\stm32f4xx_i2c.o
I2C_StructInit                                    Libraries\STM32F4xx_StdPeriph_Driver\src\stm32f4xx_i2c.o
I2C_TransmitPEC                                   Libraries\STM32F4xx_StdPeriph_Driver\src\stm32f4xx_i2c.o
I2S_Cmd                                           Libraries\STM32F4xx_StdPeriph_Driver\src\stm32f4xx_spi.o
I2S_FullDuplexConfig                              Libraries\STM32F4xx_StdPeriph_Driver\src\stm32f4xx_spi.o
I2S_Init                                          Libraries\STM32F4xx_StdPeriph_Driver\src\stm32f4xx_spi.o
I2S_StructInit                                    Libraries\STM32F4xx_StdPeriph_Driver\src\stm32f4xx_spi.o
IWDG_Enable                                       Libraries\STM32F4xx_StdPeriph_Driver\src\stm32f4xx_iwdg.o
IWDG_GetFlagStatus                                Libraries\STM32F4xx_StdPeriph_Driver\src\stm32f4xx_iwdg.o
IWDG_ReloadCounter                                Libraries\STM32F4xx_StdPeriph_Driver\src\stm32f4xx_iwdg.o
IWDG_SetPrescaler                                 Libraries\STM32F4xx_StdPeriph_Driver\src\stm32f4xx_iwdg.o
IWDG_SetReload                                    Libraries\STM32F4xx_StdPeriph_Driver\src\stm32f4xx_iwdg.o
IWDG_WriteAccessCmd                               Libraries\STM32F4xx_StdPeriph_Driver\src\stm32f4xx_iwdg.o
Lerr                                              src\serial_com.o
MA_filter                                         src\timer_conf.o
MemManage_Handler                                 src\stm32f4xx_it.o
NMI_Handler                                       src\stm32f4xx_it.o
NVIC_Init                                         Libraries\STM32F4xx_StdPeriph_Driver\src\misc.o
                                                  src\serial_com.o
                                                  src\timer_conf.o
                                                  src\user_interface.o
NVIC_PriorityGroupConfig                          Libraries\STM32F4xx_StdPeriph_Driver\src\misc.o
NVIC_SetVectorTable                               Libraries\STM32F4xx_StdPeriph_Driver\src\misc.o
NVIC_SystemLPConfig                               Libraries\STM32F4xx_StdPeriph_Driver\src\misc.o
OTG_FS_IRQHandler                                 src\startup_stm32f40xx.o
OTG_FS_WKUP_IRQHandler                            src\startup_stm32f40xx.o
OTG_HS_EP1_IN_IRQHandler                          src\startup_stm32f40xx.o
OTG_HS_EP1_OUT_IRQHandler                         src\startup_stm32f40xx.o
OTG_HS_IRQHandler                                 src\startup_stm32f40xx.o
OTG_HS_WKUP_IRQHandler                            src\startup_stm32f40xx.o
PVD_IRQHandler                                    src\startup_stm32f40xx.o
PWR_BackupAccessCmd                               Libraries\STM32F4xx_StdPeriph_Driver\src\stm32f4xx_pwr.o
PWR_BackupRegulatorCmd                            Libraries\STM32F4xx_StdPeriph_Driver\src\stm32f4xx_pwr.o
PWR_ClearFlag                                     Libraries\STM32F4xx_StdPeriph_Driver\src\stm32f4xx_pwr.o
PWR_DeInit                                        Libraries\STM32F4xx_StdPeriph_Driver\src\stm32f4xx_pwr.o
PWR_EnterSTANDBYMode                              Libraries\STM32F4xx_StdPeriph_Driver\src\stm32f4xx_pwr.o
PWR_EnterSTOPMode                                 Libraries\STM32F4xx_StdPeriph_Driver\src\stm32f4xx_pwr.o
PWR_FlashPowerDownCmd                             Libraries\STM32F4xx_StdPeriph_Driver\src\stm32f4xx_pwr.o
PWR_GetFlagStatus                                 Libraries\STM32F4xx_StdPeriph_Driver\src\stm32f4xx_pwr.o
PWR_MainRegulatorModeConfig                       Libraries\STM32F4xx_StdPeriph_Driver\src\stm32f4xx_pwr.o
PWR_PVDCmd                                        Libraries\STM32F4xx_StdPeriph_Driver\src\stm32f4xx_pwr.o
PWR_PVDLevelConfig                                Libraries\STM32F4xx_StdPeriph_Driver\src\stm32f4xx_pwr.o
PWR_WakeUpPinCmd                                  Libraries\STM32F4xx_StdPeriph_Driver\src\stm32f4xx_pwr.o
PendSV_Handler                                    src\stm32f4xx_it.o
Perr                                              src\serial_com.o
RCC_AHB1PeriphClockCmd                            Libraries\STM32F4xx_StdPeriph_Driver\src\stm32f4xx_rcc.o
                                                  src\analog_converter.o
                                                  src\clock_conf.o
                                                  src\timer_conf.o
                                                  src\user_interface.o
RCC_AHB1PeriphClockLPModeCmd                      Libraries\STM32F4xx_StdPeriph_Driver\src\stm32f4xx_rcc.o
RCC_AHB1PeriphResetCmd                            Libraries\STM32F4xx_StdPeriph_Driver\src\stm32f4xx_rcc.o